Component: ARM Compiler 5.06 update 7 (build 960) Tool: armlink [4d3601]

==============================================================================

Section Cross References

    startup_stm32f103xb.o(STACK) refers (Special) to heapauxi.o(.text) for __use_two_region_memory
    startup_stm32f103xb.o(HEAP) refers (Special) to heapauxi.o(.text) for __use_two_region_memory
    startup_stm32f103xb.o(RESET) refers (Special) to heapauxi.o(.text) for __use_two_region_memory
    startup_stm32f103xb.o(RESET) refers to startup_stm32f103xb.o(STACK) for __initial_sp
    startup_stm32f103xb.o(RESET) refers to startup_stm32f103xb.o(.text) for Reset_Handler
    startup_stm32f103xb.o(RESET) refers to stm32f1xx_it.o(i.NMI_Handler) for NMI_Handler
    startup_stm32f103xb.o(RESET) refers to context_rvds.o(.text) for HardFault_Handler
    startup_stm32f103xb.o(RESET) refers to stm32f1xx_it.o(i.MemManage_Handler) for MemManage_Handler
    startup_stm32f103xb.o(RESET) refers to stm32f1xx_it.o(i.BusFault_Handler) for BusFault_Handler
    startup_stm32f103xb.o(RESET) refers to stm32f1xx_it.o(i.UsageFault_Handler) for UsageFault_Handler
    startup_stm32f103xb.o(RESET) refers to stm32f1xx_it.o(i.DebugMon_Handler) for DebugMon_Handler
    startup_stm32f103xb.o(RESET) refers to board.o(i.SysTick_Handler) for SysTick_Handler
    startup_stm32f103xb.o(RESET) refers to stm32f1xx_it.o(i.TIM1_UP_IRQHandler) for TIM1_UP_IRQHandler
    startup_stm32f103xb.o(RESET) refers to board.o(i.USART1_IRQHandler) for USART1_IRQHandler
    startup_stm32f103xb.o(.text) refers (Special) to heapauxi.o(.text) for __use_two_region_memory
    startup_stm32f103xb.o(.text) refers to system_stm32f1xx.o(i.SystemInit) for SystemInit
    startup_stm32f103xb.o(.text) refers to __main.o(!!!main) for __main
    startup_stm32f103xb.o(.text) refers to startup_stm32f103xb.o(HEAP) for Heap_Mem
    startup_stm32f103xb.o(.text) refers to startup_stm32f103xb.o(STACK) for Stack_Mem
    main.o(i.HAL_TIM_PeriodElapsedCallback) refers to stm32f1xx_hal.o(i.HAL_IncTick) for HAL_IncTick
    main.o(i.SystemClock_Config) refers to rt_memclr_w.o(.text) for __aeabi_memclr4
    main.o(i.SystemClock_Config) refers to stm32f1xx_hal_rcc.o(i.HAL_RCC_OscConfig) for HAL_RCC_OscConfig
    main.o(i.SystemClock_Config) refers to main.o(i.Error_Handler) for Error_Handler
    main.o(i.SystemClock_Config) refers to stm32f1xx_hal_rcc.o(i.HAL_RCC_ClockConfig) for HAL_RCC_ClockConfig
    usart.o(i.HAL_UART_MspDeInit) refers to stm32f1xx_hal_gpio.o(i.HAL_GPIO_DeInit) for HAL_GPIO_DeInit
    usart.o(i.HAL_UART_MspInit) refers to stm32f1xx_hal_gpio.o(i.HAL_GPIO_Init) for HAL_GPIO_Init
    usart.o(i.MX_USART1_UART_Init) refers to stm32f1xx_hal_uart.o(i.HAL_UART_Init) for HAL_UART_Init
    usart.o(i.MX_USART1_UART_Init) refers to main.o(i.Error_Handler) for Error_Handler
    usart.o(i.MX_USART1_UART_Init) refers to usart.o(.bss) for huart1
    stm32f1xx_it.o(i.TIM1_UP_IRQHandler) refers to stm32f1xx_hal_tim.o(i.HAL_TIM_IRQHandler) for HAL_TIM_IRQHandler
    stm32f1xx_it.o(i.TIM1_UP_IRQHandler) refers to stm32f1xx_hal_timebase_tim.o(.bss) for htim1
    stm32f1xx_hal_timebase_tim.o(i.HAL_InitTick) refers to stm32f1xx_hal_rcc.o(i.HAL_RCC_GetClockConfig) for HAL_RCC_GetClockConfig
    stm32f1xx_hal_timebase_tim.o(i.HAL_InitTick) refers to stm32f1xx_hal_rcc.o(i.HAL_RCC_GetPCLK2Freq) for HAL_RCC_GetPCLK2Freq
    stm32f1xx_hal_timebase_tim.o(i.HAL_InitTick) refers to stm32f1xx_hal_tim.o(i.HAL_TIM_Base_Init) for HAL_TIM_Base_Init
    stm32f1xx_hal_timebase_tim.o(i.HAL_InitTick) refers to stm32f1xx_hal_tim.o(i.HAL_TIM_Base_Start_IT) for HAL_TIM_Base_Start_IT
    stm32f1xx_hal_timebase_tim.o(i.HAL_InitTick) refers to stm32f1xx_hal_cortex.o(i.HAL_NVIC_EnableIRQ) for HAL_NVIC_EnableIRQ
    stm32f1xx_hal_timebase_tim.o(i.HAL_InitTick) refers to stm32f1xx_hal_cortex.o(i.HAL_NVIC_SetPriority) for HAL_NVIC_SetPriority
    stm32f1xx_hal_timebase_tim.o(i.HAL_InitTick) refers to stm32f1xx_hal_timebase_tim.o(.bss) for htim1
    stm32f1xx_hal_timebase_tim.o(i.HAL_InitTick) refers to stm32f1xx_hal.o(.data) for uwTickPrio
    stm32f1xx_hal_timebase_tim.o(i.HAL_ResumeTick) refers to stm32f1xx_hal_timebase_tim.o(.bss) for htim1
    stm32f1xx_hal_timebase_tim.o(i.HAL_SuspendTick) refers to stm32f1xx_hal_timebase_tim.o(.bss) for htim1
    stm32f1xx_hal_tim.o(i.HAL_TIM_Base_DeInit) refers to stm32f1xx_hal_tim.o(i.HAL_TIM_Base_MspDeInit) for HAL_TIM_Base_MspDeInit
    stm32f1xx_hal_tim.o(i.HAL_TIM_Base_Init) refers to stm32f1xx_hal_tim.o(i.HAL_TIM_Base_MspInit) for HAL_TIM_Base_MspInit
    stm32f1xx_hal_tim.o(i.HAL_TIM_Base_Init) refers to stm32f1xx_hal_tim.o(i.TIM_Base_SetConfig) for TIM_Base_SetConfig
    stm32f1xx_hal_tim.o(i.HAL_TIM_Base_Start_DMA) refers to stm32f1xx_hal_dma.o(i.HAL_DMA_Start_IT) for HAL_DMA_Start_IT
    stm32f1xx_hal_tim.o(i.HAL_TIM_Base_Start_DMA) refers to stm32f1xx_hal_tim.o(i.TIM_DMAPeriodElapsedCplt) for TIM_DMAPeriodElapsedCplt
[...]
    .ARM.Collect$$rtentry$$0000000D          0x08000172   Section        8  __rtentry2.o(.ARM.Collect$$rtentry$$0000000D)
    .ARM.Collect$$rtexit$$00000000           0x0800017a   Section        2  rtexit.o(.ARM.Collect$$rtexit$$00000000)
    .ARM.Collect$$rtexit$$00000002           0x0800017c   Section        0  rtexit2.o(.ARM.Collect$$rtexit$$00000002)
    .ARM.Collect$$rtexit$$00000003           0x0800017c   Section        4  rtexit2.o(.ARM.Collect$$rtexit$$00000003)
    .ARM.Collect$$rtexit$$00000004           0x08000180   Section        6  rtexit2.o(.ARM.Collect$$rtexit$$00000004)
    .text                                    0x08000188   Section       64  startup_stm32f103xb.o(.text)
    .text                                    0x080001c8   Section      252  context_rvds.o(.text)
    .text                                    0x080002c4   Section       78  rt_memclr_w.o(.text)
    .text                                    0x08000312   Section        0  heapauxi.o(.text)
    .text                                    0x08000318   Section        8  libspace.o(.text)
    .text                                    0x08000320   Section       74  sys_stackheap_outer.o(.text)
    .text                                    0x0800036a   Section        0  exit.o(.text)
    .text                                    0x0800037c   Section        0  sys_exit.o(.text)
    .text                                    0x08000388   Section        2  use_no_semi.o(.text)
    .text                                    0x0800038a   Section        0  indicate_semi.o(.text)
    i.$Sub$$main                             0x0800038a   Section        0  components.o(i.$Sub$$main)
    i.BusFault_Handler                       0x08000394   Section        0  stm32f1xx_it.o(i.BusFault_Handler)
    i.DebugMon_Handler                       0x08000398   Section        0  stm32f1xx_it.o(i.DebugMon_Handler)
    i.Error_Handler                          0x0800039a   Section        0  main.o(i.Error_Handler)
    i.HAL_DMA_Abort                          0x080003a0   Section        0  stm32f1xx_hal_dma.o(i.HAL_DMA_Abort)
    i.HAL_DMA_Abort_IT                       0x080003f8   Section        0  stm32f1xx_hal_dma.o(i.HAL_DMA_Abort_IT)
    i.HAL_GPIO_Init                          0x080004a8   Section        0  stm32f1xx_hal_gpio.o(i.HAL_GPIO_Init)
    i.HAL_GetTick                            0x080007c8   Section        0  stm32f1xx_hal.o(i.HAL_GetTick)
    i.HAL_IncTick                            0x080007d4   Section        0  stm32f1xx_hal.o(i.HAL_IncTick)
    i.HAL_Init                               0x080007ec   Section        0  stm32f1xx_hal.o(i.HAL_Init)
    i.HAL_InitTick                           0x08000814   Section        0  stm32f1xx_hal_timebase_tim.o(i.HAL_InitTick)
    i.HAL_MspInit                            0x080008b4   Section        0  stm32f1xx_hal_msp.o(i.HAL_MspInit)
    i.HAL_NVIC_EnableIRQ                     0x08000908   Section        0  stm32f1xx_hal_cortex.o(i.HAL_NVIC_EnableIRQ)
    i.HAL_NVIC_SetPriority                   0x08000928   Section        0  stm32f1xx_hal_cortex.o(i.HAL_NVIC_SetPriority)
    i.HAL_NVIC_SetPriorityGrouping           0x080009a4   Section        0  stm32f1xx_hal_cortex.o(i.HAL_NVIC_SetPriorityGrouping)
    i.HAL_RCC_ClockConfig                    0x080009cc   Section        0  stm32f1xx_hal_rcc.o(i.HAL_RCC_ClockConfig)
    i.HAL_RCC_GetClockConfig                 0x08000b58   Section        0  stm32f1xx_hal_rcc.o(i.HAL_RCC_GetClockConfig)
    i.HAL_RCC_GetHCLKFreq                    0x08000b9c   Section        0  stm32f1xx_hal_rcc.o(i.HAL_RCC_GetHCLKFreq)
    i.HAL_RCC_GetPCLK1Freq                   0x08000ba8   Section        0  stm32f1xx_hal_rcc.o(i.HAL_RCC_GetPCLK1Freq)
    i.HAL_RCC_GetPCLK2Freq                   0x08000bc8   Section        0  stm32f1xx_hal_rcc.o(i.HAL_RCC_GetPCLK2Freq)
    i.HAL_RCC_GetSysClockFreq                0x08000be8   Section        0  stm32f1xx_hal_rcc.o(i.HAL_RCC_GetSysClockFreq)
    i.HAL_RCC_OscConfig                      0x08000c58   Section        0  stm32f1xx_hal_rcc.o(i.HAL_RCC_OscConfig)
    i.HAL_SYSTICK_Config                     0x080010bc   Section        0  stm32f1xx_hal_cortex.o(i.HAL_SYSTICK_Config)
    i.HAL_TIMEx_BreakCallback                0x080010f0   Section        0  stm32f1xx_hal_tim_ex.o(i.HAL_TIMEx_BreakCallback)
    i.HAL_TIMEx_CommutCallback               0x080010f2   Section        0  stm32f1xx_hal_tim_ex.o(i.HAL_TIMEx_CommutCallback)
    i.HAL_TIM_Base_Init                      0x080010f4   Section        0  stm32f1xx_hal_tim.o(i.HAL_TIM_Base_Init)
    i.HAL_TIM_Base_MspInit                   0x0800115a   Section        0  stm32f1xx_hal_tim.o(i.HAL_TIM_Base_MspInit)
    i.HAL_TIM_Base_Start_IT                  0x0800115c   Section        0  stm32f1xx_hal_tim.o(i.HAL_TIM_Base_Start_IT)
    i.HAL_TIM_IC_CaptureCallback             0x080011d4   Section        0  stm32f1xx_hal_tim.o(i.HAL_TIM_IC_CaptureCallback)
    i.HAL_TIM_IRQHandler                     0x080011d6   Section        0  stm32f1xx_hal_tim.o(i.HAL_TIM_IRQHandler)
    i.HAL_TIM_OC_DelayElapsedCallback        0x08001342   Section        0  stm32f1xx_hal_tim.o(i.HAL_TIM_OC_DelayElapsedCallback)
    i.HAL_TIM_PWM_PulseFinishedCallback      0x08001344   Section        0  stm32f1xx_hal_tim.o(i.HAL_TIM_PWM_PulseFinishedCallback)
    i.HAL_TIM_PeriodElapsedCallback          0x08001348   Section        0  main.o(i.HAL_TIM_PeriodElapsedCallback)
    i.HAL_TIM_TriggerCallback                0x08001360   Section        0  stm32f1xx_hal_tim.o(i.HAL_TIM_TriggerCallback)
    i.HAL_UARTEx_ReceiveToIdle_IT            0x08001362   Section        0  stm32f1xx_hal_uart.o(i.HAL_UARTEx_ReceiveToIdle_IT)
    i.HAL_UARTEx_RxEventCallback             0x080013d4   Section        0  board.o(i.HAL_UARTEx_RxEventCallback)
    i.HAL_UART_ErrorCallback                 0x08001428   Section        0  stm32f1xx_hal_uart.o(i.HAL_UART_ErrorCallback)
    i.HAL_UART_IRQHandler                    0x0800142c   Section        0  stm32f1xx_hal_uart.o(i.HAL_UART_IRQHandler)
    i.HAL_UART_Init                          0x08001710   Section        0  stm32f1xx_hal_uart.o(i.HAL_UART_Init)
    i.HAL_UART_MspInit                       0x08001788   Section        0  usart.o(i.HAL_UART_MspInit)
    i.HAL_UART_RxCpltCallback                0x08001810   Section        0  stm32f1xx_hal_uart.o(i.HAL_UART_RxCpltCallback)
    i.HAL_UART_Transmit                      0x08001812   Section        0  stm32f1xx_hal_uart.o(i.HAL_UART_Transmit)
    i.HAL_UART_TxCpltCallback                0x080018d0   Section        0  stm32f1xx_hal_uart.o(i.HAL_UART_TxCpltCallback)
    i.MemManage_Handler                      0x080018d2   Section        0  stm32f1xx_it.o(i.MemManage_Handler)
    i.NMI_Handler                            0x080018d6   Section        0  stm32f1xx_it.o(i.NMI_Handler)
    i.RCC_Delay                              0x080018dc   Section        0  stm32f1xx_hal_rcc.o(i.RCC_Delay)
    RCC_Delay                                0x080018dd   Thumb Code    36  stm32f1xx_hal_rcc.o(i.RCC_Delay)
    i.SysTick_Handler                        0x08001904   Section        0  board.o(i.SysTick_Handler)
    i.SystemClock_Config                     0x08001914   Section        0  main.o(i.SystemClock_Config)
    i.SystemCoreClockUpdate                  0x0800197c   Section        0  system_stm32f1xx.o(i.SystemCoreClockUpdate)
    i.SystemInit                             0x08001a20   Section        0  system_stm32f1xx.o(i.SystemInit)
    i.TIM1_UP_IRQHandler                     0x08001a24   Section        0  stm32f1xx_it.o(i.TIM1_UP_IRQHandler)
    i.TIM_Base_SetConfig                     0x08001a34   Section        0  stm32f1xx_hal_tim.o(i.TIM_Base_SetConfig)
    i.UART_DMAAbortOnError                   0x08001ab8   Section        0  stm32f1xx_hal_uart.o(i.UART_DMAAbortOnError)
    UART_DMAAbortOnError                     0x08001ab9   Thumb Code    20  stm32f1xx_hal_uart.o(i.UART_DMAAbortOnError)
    i.UART_EndRxTransfer                     0x08001acc   Section        0  stm32f1xx_hal_uart.o(i.UART_EndRxTransfer)
    UART_EndRxTransfer                       0x08001acd   Thumb Code   108  stm32f1xx_hal_uart.o(i.UART_EndRxTransfer)
    i.UART_EndTransmit_IT                    0x08001b38   Section        0  stm32f1xx_hal_uart.o(i.UART_EndTransmit_IT)
    UART_EndTransmit_IT                      0x08001b39   Thumb Code    32  stm32f1xx_hal_uart.o(i.UART_EndTransmit_IT)
    i.UART_Receive_IT                        0x08001b58   Section        0  stm32f1xx_hal_uart.o(i.UART_Receive_IT)
    UART_Receive_IT                          0x08001b59   Thumb Code   252  stm32f1xx_hal_uart.o(i.UART_Receive_IT)
    i.UART_SetConfig                         0x08001c54   Section        0  stm32f1xx_hal_uart.o(i.UART_SetConfig)
    UART_SetConfig                           0x08001c55   Thumb Code   248  stm32f1xx_hal_uart.o(i.UART_SetConfig)
    i.UART_Start_Receive_IT                  0x08001d50   Section        0  stm32f1xx_hal_uart.o(i.UART_Start_Receive_IT)
    i.UART_Transmit_IT                       0x08001d90   Section        0  stm32f1xx_hal_uart.o(i.UART_Transmit_IT)
    UART_Transmit_IT                         0x08001d91   Thumb Code    96  stm32f1xx_hal_uart.o(i.UART_Transmit_IT)
    i.UART_WaitOnFlagUntilTimeout            0x08001df0   Section        0  stm32f1xx_hal_uart.o(i.UART_WaitOnFlagUntilTimeout)
    UART_WaitOnFlagUntilTimeout              0x08001df1   Thumb Code   140  stm32f1xx_hal_uart.o(i.UART_WaitOnFlagUntilTimeout)
    i.USART1_IRQHandler                      0x08001e7c   Section        0  board.o(i.USART1_IRQHandler)
    i.UsageFault_Handler                     0x08001e8c   Section        0  stm32f1xx_it.o(i.UsageFault_Handler)
    i.__NVIC_GetPriorityGrouping             0x08001e90   Section        0  stm32f1xx_hal_cortex.o(i.__NVIC_GetPriorityGrouping)
    __NVIC_GetPriorityGrouping               0x08001e91   Thumb Code    10  stm32f1xx_hal_cortex.o(i.__NVIC_GetPriorityGrouping)
    i.__NVIC_SetPriority                     0x08001ea0   Section        0  stm32f1xx_hal_cortex.o(i.__NVIC_SetPriority)
    __NVIC_SetPriority                       0x08001ea1   Thumb Code    32  stm32f1xx_hal_cortex.o(i.__NVIC_SetPriority)
    i.__rt_ffs                               0x08001ec8   Section        0  kservice.o(i.__rt_ffs)
    i._heap_lock                             0x08001f14   Section        0  kservice.o(i._heap_lock)
    _heap_lock                               0x08001f15   Thumb Code    10  kservice.o(i._heap_lock)
    i._heap_unlock                           0x08001f1e   Section        0  kservice.o(i._heap_unlock)
    _heap_unlock                             0x08001f1f   Thumb Code    10  kservice.o(i._heap_unlock)
    i._scheduler_get_highest_priority_thread 0x08001f28   Section        0  scheduler.o(i._scheduler_get_highest_priority_thread)
    _scheduler_get_highest_priority_thread   0x08001f29   Thumb Code    30  scheduler.o(i._scheduler_get_highest_priority_thread)
    i._thread_exit                           0x08001f50   Section        0  thread.o(i._thread_exit)
    _thread_exit                             0x08001f51   Thumb Code    52  thread.o(i._thread_exit)
    i._thread_init                           0x08001f84   Section        0  thread.o(i._thread_init)
    _thread_init                             0x08001f85   Thumb Code   138  thread.o(i._thread_init)
    i._thread_timeout                        0x0800201c   Section        0  thread.o(i._thread_timeout)
    _thread_timeout                          0x0800201d   Thumb Code    44  thread.o(i._thread_timeout)
    i._timer_init                            0x08002048   Section        0  timer.o(i._timer_init)
    _timer_init                              0x08002049   Thumb Code    66  timer.o(i._timer_init)
    i._timer_list_next_timeout               0x0800208a   Section        0  timer.o(i._timer_list_next_timeout)
    _timer_list_next_timeout                 0x0800208b   Thumb Code    56  timer.o(i._timer_list_next_timeout)
    i._timer_remove                          0x080020c2   Section        0  timer.o(i._timer_remove)
    _timer_remove                            0x080020c3   Thumb Code    28  timer.o(i._timer_remove)
    i._timer_thread_entry                    0x080020e0   Section        0  timer.o(i._timer_thread_entry)
    _timer_thread_entry                      0x080020e1   Thumb Code    68  timer.o(i._timer_thread_entry)
    i.main                                   0x08002128   Section        0  main.o(i.main)
    i.main_thread_entry                      0x08002130   Section        0  components.o(i.main_thread_entry)
    i.plug_holes                             0x0800213e   Section        0  mem.o(i.plug_holes)
    plug_holes                               0x0800213f   Thumb Code   102  mem.o(i.plug_holes)
    i.print_number                           0x080021a4   Section        0  kservice.o(i.print_number)
    print_number                             0x080021a5   Thumb Code   400  kservice.o(i.print_number)
    i.rt_application_init                    0x0800233c   Section        0  components.o(i.rt_application_init)
    i.rt_components_board_init               0x0800236c   Section        0  components.o(i.rt_components_board_init)
    i.rt_components_init                     0x08002388   Section        0  components.o(i.rt_components_init)
    i.rt_defunct_execute                     0x080023a4   Section        0  idle.o(i.rt_defunct_execute)
    rt_defunct_execute                       0x080023a5   Thumb Code    62  idle.o(i.rt_defunct_execute)
    i.rt_enter_critical                      0x080023e4   Section        0  scheduler.o(i.rt_enter_critical)
    i.rt_exit_critical                       0x08002404   Section        0  scheduler.o(i.rt_exit_critical)
    i.rt_free                                0x08002448   Section        0  kservice.o(i.rt_free)
    i.rt_heap_begin_get                      0x0800247c   Section        0  board.o(i.rt_heap_begin_get)
    i.rt_heap_end_get                        0x08002484   Section        0  board.o(i.rt_heap_end_get)
    i.rt_hw_board_init                       0x0800248c   Section        0  board.o(i.rt_hw_board_init)
    i.rt_hw_console_output                   0x080024c4   Section        0  board.o(i.rt_hw_console_output)
    i.rt_hw_hard_fault_exception             0x08002514   Section        0  cpuport.o(i.rt_hw_hard_fault_exception)
    i.rt_hw_stack_init                       0x08002714   Section        0  cpuport.o(i.rt_hw_stack_init)
    i.rt_interrupt_enter                     0x08002760   Section        0  irq.o(i.rt_interrupt_enter)
    i.rt_interrupt_leave                     0x08002794   Section        0  irq.o(i.rt_interrupt_leave)
    i.rt_kprintf                             0x080027c8   Section        0  kservice.o(i.rt_kprintf)
    i.rt_list_init                           0x080027fc   Section        0  timer.o(i.rt_list_init)
    rt_list_init                             0x080027fd   Thumb Code     6  timer.o(i.rt_list_init)
    i.rt_list_insert_after                   0x08002802   Section        0  object.o(i.rt_list_insert_after)
    rt_list_insert_after                     0x08002803   Thumb Code    14  object.o(i.rt_list_insert_after)
    i.rt_list_insert_after                   0x08002810   Section        0  timer.o(i.rt_list_insert_after)
    rt_list_insert_after                     0x08002811   Thumb Code    14  timer.o(i.rt_list_insert_after)
    i.rt_list_isempty                        0x0800281e   Section        0  timer.o(i.rt_list_isempty)
    rt_list_isempty                          0x0800281f   Thumb Code    16  timer.o(i.rt_list_isempty)
    i.rt_list_remove                         0x0800282e   Section        0  object.o(i.rt_list_remove)
    rt_list_remove                           0x0800282f   Thumb Code    18  object.o(i.rt_list_remove)
    i.rt_list_remove                         0x08002840   Section        0  thread.o(i.rt_list_remove)
    rt_list_remove                           0x08002841   Thumb Code    18  thread.o(i.rt_list_remove)
    i.rt_list_remove                         0x08002852   Section        0  timer.o(i.rt_list_remove)
    rt_list_remove                           0x08002853   Thumb Code    18  timer.o(i.rt_list_remove)
    i.rt_malloc                              0x08002864   Section        0  kservice.o(i.rt_malloc)
    i.rt_memset                              0x080028a0   Section        0  kservice.o(i.rt_memset)
    i.rt_object_allocate                     0x080028e8   Section        0  object.o(i.rt_object_allocate)
    i.rt_object_delete                       0x08002954   Section        0  object.o(i.rt_object_delete)
    i.rt_object_detach                       0x08002990   Section        0  object.o(i.rt_object_detach)
    i.rt_object_get_information              0x080029c4   Section        0  object.o(i.rt_object_get_information)
    i.rt_object_init                         0x080029ec   Section        0  object.o(i.rt_object_init)
    i.rt_object_is_systemobject              0x08002a58   Section        0  object.o(i.rt_object_is_systemobject)
    i.rt_schedule                            0x08002a6c   Section        0  scheduler.o(i.rt_schedule)
    i.rt_schedule_insert_thread              0x08002bb8   Section        0  scheduler.o(i.rt_schedule_insert_thread)
    i.rt_schedule_remove_thread              0x08002c54   Section        0  scheduler.o(i.rt_schedule_remove_thread)
    i.rt_show_version                        0x08002ca8   Section        0  kservice.o(i.rt_show_version)
    i.rt_smem_alloc                          0x08002d6c   Section        0  mem.o(i.rt_smem_alloc)
    i.rt_smem_free                           0x08002e80   Section        0  mem.o(i.rt_smem_free)
    i.rt_smem_init                           0x08002ebc   Section        0  mem.o(i.rt_smem_init)
    i.rt_soft_timer_check                    0x08002fac   Section        0  timer.o(i.rt_soft_timer_check)
    i.rt_sprintf                             0x08003094   Section        0  kservice.o(i.rt_sprintf)
    i.rt_strlen                              0x080030b6   Section        0  kservice.o(i.rt_strlen)
    i.rt_strncpy                             0x080030c8   Section        0  kservice.o(i.rt_strncpy)
    i.rt_system_heap_init                    0x080030fc   Section        0  kservice.o(i.rt_system_heap_init)
    i.rt_system_scheduler_init               0x08003130   Section        0  scheduler.o(i.rt_system_scheduler_init)
    i.rt_system_scheduler_start              0x08003164   Section        0  scheduler.o(i.rt_system_scheduler_start)
    i.rt_system_timer_init                   0x0800318c   Section        0  timer.o(i.rt_system_timer_init)
    i.rt_system_timer_thread_init            0x080031a8   Section        0  timer.o(i.rt_system_timer_thread_init)
    i.rt_thread_create                       0x080031fc   Section        0  thread.o(i.rt_thread_create)
    i.rt_thread_defunct_dequeue              0x0800324c   Section        0  idle.o(i.rt_thread_defunct_dequeue)
    i.rt_thread_defunct_enqueue              0x08003288   Section        0  idle.o(i.rt_thread_defunct_enqueue)
    i.rt_thread_delay                        0x080032a4   Section        0  thread.o(i.rt_thread_delay)
    i.rt_thread_idle_entry                   0x080032b0   Section        0  idle.o(i.rt_thread_idle_entry)
    rt_thread_idle_entry                     0x080032b1   Thumb Code    30  idle.o(i.rt_thread_idle_entry)
    i.rt_thread_idle_init                    0x080032d4   Section        0  idle.o(i.rt_thread_idle_init)
    i.rt_thread_init                         0x0800333c   Section        0  thread.o(i.rt_thread_init)
    i.rt_thread_resume                       0x08003370   Section        0  thread.o(i.rt_thread_resume)
    i.rt_thread_self                         0x080033c4   Section        0  thread.o(i.rt_thread_self)
    i.rt_thread_sleep                        0x080033d0   Section        0  thread.o(i.rt_thread_sleep)
    i.rt_thread_startup                      0x08003414   Section        0  thread.o(i.rt_thread_startup)
    i.rt_thread_suspend                      0x0800343c   Section        0  thread.o(i.rt_thread_suspend)
    i.rt_tick_get                            0x0800349c   Section        0  clock.o(i.rt_tick_get)
    i.rt_tick_increase                       0x080034a8   Section        0  clock.o(i.rt_tick_increase)
    i.rt_timer_check                         0x0800350c   Section        0  timer.o(i.rt_timer_check)
    i.rt_timer_control                       0x080035dc   Section        0  timer.o(i.rt_timer_control)
    i.rt_timer_detach                        0x08003644   Section        0  timer.o(i.rt_timer_detach)
    i.rt_timer_init                          0x0800366c   Section        0  timer.o(i.rt_timer_init)
    i.rt_timer_start                         0x0800369c   Section        0  timer.o(i.rt_timer_start)
    i.rt_timer_stop                          0x080037ec   Section        0  timer.o(i.rt_timer_stop)
    i.rt_vsnprintf                           0x08003834   Section        0  kservice.o(i.rt_vsnprintf)
    i.rt_vsprintf                            0x08003b74   Section        0  kservice.o(i.rt_vsprintf)
    i.rti_board_end                          0x08003b8a   Section        0  components.o(i.rti_board_end)
    rti_board_end                            0x08003b8b   Thumb Code     4  components.o(i.rti_board_end)
    i.rti_board_start                        0x08003b8e   Section        0  components.o(i.rti_board_start)
    rti_board_start                          0x08003b8f   Thumb Code     4  components.o(i.rti_board_start)
    i.rti_end                                0x08003b92   Section        0  components.o(i.rti_end)
    rti_end                                  0x08003b93   Thumb Code     4  components.o(i.rti_end)
    i.rti_start                              0x08003b96   Section        0  components.o(i.rti_start)
    rti_start                                0x08003b97   Thumb Code     4  components.o(i.rti_start)
    i.rtthread_startup                       0x08003b9a   Section        0  components.o(i.rtthread_startup)
    i.skip_atoi                              0x08003bc4   Section        0  kservice.o(i.skip_atoi)
    skip_atoi                                0x08003bc5   Thumb Code    38  kservice.o(i.skip_atoi)
    i.uart_init                              0x08003bec   Section        0  board.o(i.uart_init)
    uart_init                                0x08003bed   Thumb Code    76  board.o(i.uart_init)
    .constdata                               0x08003c44   Section       18  stm32f1xx_hal_rcc.o(.constdata)
    aPLLMULFactorTable                       0x08003c44   Data          16  stm32f1xx_hal_rcc.o(.constdata)
    aPredivFactorTable                       0x08003c54   Data           2  stm32f1xx_hal_rcc.o(.constdata)
    .constdata                               0x08003c56   Section       24  system_stm32f1xx.o(.constdata)
    .constdata                               0x08003c6e   Section      290  kservice.o(.constdata)
    small_digits                             0x08003d6e   Data          17  kservice.o(.constdata)
    large_digits                             0x08003d7f   Data          17  kservice.o(.constdata)
    .conststring                             0x08003d90   Section       88  kservice.o(.conststring)
    .rti_fn.0                                0x08003de8   Section        4  components.o(.rti_fn.0)
    __tagsym$$used                           0x08003de8   Number         0  components.o(.rti_fn.0)
    .rti_fn.0.end                            0x08003dec   Section        4  components.o(.rti_fn.0.end)
    __tagsym$$used                           0x08003dec   Number         0  components.o(.rti_fn.0.end)
    .rti_fn.1                                0x08003df0   Section        4  board.o(.rti_fn.1)
    __tagsym$$used                           0x08003df0   Number         0  board.o(.rti_fn.1)
    .rti_fn.1.end                            0x08003df4   Section        4  components.o(.rti_fn.1.end)
    __tagsym$$used                           0x08003df4   Number         0  components.o(.rti_fn.1.end)
    .rti_fn.6.end                            0x08003df8   Section        4  components.o(.rti_fn.6.end)
    __tagsym$$used                           0x08003df8   Number         0  components.o(.rti_fn.6.end)
    .data                                    0x20000000   Section        9  stm32f1xx_hal.o(.data)
    .data                                    0x2000000c   Section        4  system_stm32f1xx.o(.data)
    .data                                    0x20000010   Section       16  cpuport.o(.data)
    rt_exception_hook                        0x2000001c   Data           4  cpuport.o(.data)
    .data                                    0x20000020   Section        8  clock.o(.data)
    rt_tick                                  0x20000020   Data           4  clock.o(.data)
    rt_tick_hook                             0x20000024   Data           4  clock.o(.data)
    .data                                    0x20000028   Section        8  idle.o(.data)
    _rt_thread_defunct                       0x20000028   Data           8  idle.o(.data)
    .data                                    0x20000030   Section        9  irq.o(.data)
    rt_interrupt_enter_hook                  0x20000030   Data           4  irq.o(.data)
    rt_interrupt_leave_hook                  0x20000034   Data           4  irq.o(.data)
    .data                                    0x2000003c   Section       64  kservice.o(.data)
    __rt_errno                               0x2000003c   Data           4  kservice.o(.data)
    rt_errno_strs                            0x20000040   Data          48  kservice.o(.data)
    rt_malloc_hook                           0x20000070   Data           4  kservice.o(.data)
    rt_free_hook                             0x20000074   Data           4  kservice.o(.data)
    system_heap                              0x20000078   Data           4  kservice.o(.data)
    .data                                    0x2000007c   Section      100  object.o(.data)
    _object_container                        0x2000007c   Data          80  object.o(.data)
    rt_object_attach_hook                    0x200000cc   Data           4  object.o(.data)
    rt_object_detach_hook                    0x200000d0   Data           4  object.o(.data)
    .data                                    0x200000e0   Section       24  scheduler.o(.data)
    rt_scheduler_lock_nest                   0x200000e4   Data           2  scheduler.o(.data)
    rt_scheduler_hook                        0x200000f0   Data           4  scheduler.o(.data)
    rt_scheduler_switch_hook                 0x200000f4   Data           4  scheduler.o(.data)
    .data                                    0x200000f8   Section       12  thread.o(.data)
    rt_thread_suspend_hook                   0x200000f8   Data           4  thread.o(.data)
    rt_thread_resume_hook                    0x200000fc   Data           4  thread.o(.data)
    rt_thread_inited_hook                    0x20000100   Data           4  thread.o(.data)
    .data                                    0x20000104   Section       32  timer.o(.data)
    _timer_list                              0x20000104   Data           8  timer.o(.data)
    _soft_timer_status                       0x2000010c   Data           1  timer.o(.data)
    _soft_timer_list                         0x20000110   Data           8  timer.o(.data)
    rt_timer_enter_hook                      0x20000118   Data           4  timer.o(.data)
    rt_timer_exit_hook                       0x2000011c   Data           4  timer.o(.data)
    random_nr                                0x20000120   Data           4  timer.o(.data)
    .bss                                     0x20000124   Section       72  stm32f1xx_hal_timebase_tim.o(.bss)
    .bss                                     0x2000016c   Section      392  idle.o(.bss)
    idle                                     0x2000016c   Data         120  idle.o(.bss)
    rt_thread_stack                          0x200001e4   Data         256  idle.o(.bss)
    idle_hook_list                           0x200002e4   Data          16  idle.o(.bss)
    .bss                                     0x200002f4   Section      128  kservice.o(.bss)
    rt_log_buf                               0x200002f4   Data         128  kservice.o(.bss)
    .bss                                     0x20000374   Section      256  scheduler.o(.bss)
    .bss                                     0x20000474   Section      632  timer.o(.bss)
    _timer_thread                            0x20000474   Data         120  timer.o(.bss)
    _timer_thread_stack                      0x200004ec   Data         512  timer.o(.bss)
    .bss                                     0x200006ec   Section    10376  board.o(.bss)
    rt_heap                                  0x200006ec   Data       10240  board.o(.bss)
    rx_data                                  0x20002eec   Data          64  board.o(.bss)
    UartHandle                               0x20002f2c   Data          72  board.o(.bss)
    .bss                                     0x20002f74   Section       96  libspace.o(.bss)
    HEAP                                     0x20002fd8   Section      512  startup_stm32f103xb.o(HEAP)
    Heap_Mem                                 0x20002fd8   Data         512  startup_stm32f103xb.o(HEAP)
    STACK                                    0x200031d8   Section     1024  startup_stm32f103xb.o(STACK)
    Stack_Mem                                0x200031d8   Data        1024  startup_stm32f103xb.o(STACK)
    __initial_sp                             0x200035d8   Data           0  startup_stm32f103xb.o(STACK)

    Global Symbols

    Symbol Name                              Value     Ov Type        Size  Object(Section)

    BuildAttributes$$THM_ISAv4$P$D$K$B$S$PE$A:L22UL41UL21$X:L11$S22US41US21$IEEE1$IW$USESV6$~STKCKD$USESV7$~SHL$OSPACE$ROPI$EBA8$UX$STANDARDLIB$REQ8$PRES8$EABIv2 0x00000000   Number         0  anon$$obj.o ABSOLUTE
    __ARM_use_no_argv                        0x00000000   Number         0  main.o ABSOLUTE
    __ARM_exceptions_init                     - Undefined Weak Reference
    __alloca_initialize                       - Undefined Weak Reference
    __arm_fini_                               - Undefined Weak Reference
    __arm_preinit_                            - Undefined Weak Reference
    __cpp_initialize__aeabi_                  - Undefined Weak Reference
    __cxa_finalize                            - Undefined Weak Reference
    __sigvec_lookup                           - Undefined Weak Reference
    _atexit_init                              - Undefined Weak Reference
    _call_atexit_fns                          - Undefined Weak Reference
    _clock_init                               - Undefined Weak Reference
    _fp_trap_init                             - Undefined Weak Reference
    _fp_trap_shutdown                         - Undefined Weak Reference
    _get_lc_collate                           - Undefined Weak Reference
    _get_lc_monetary                          - Undefined Weak Reference
    _get_lc_numeric                           - Undefined Weak Reference
    _get_lc_time                              - Undefined Weak Reference
    _getenv_init                              - Undefined Weak Reference
    _handle_redirection                       - Undefined Weak Reference
    _init_alloc                               - Undefined Weak Reference
    _init_user_alloc                          - Undefined Weak Reference
    _initio                                   - Undefined Weak Reference
    _rand_init                                - Undefined Weak Reference
    _signal_finish                            - Undefined Weak Reference
    _signal_init                              - Undefined Weak Reference
    _terminate_alloc                          - Undefined Weak Reference
    _terminate_user_alloc                     - Undefined Weak Reference
    _terminateio                              - Undefined Weak Reference
    __Vectors_Size                           0x000000ec   Number         0  startup_stm32f103xb.o ABSOLUTE
    __Vectors                                0x08000000   Data           4  startup_stm32f103xb.o(RESET)
    __Vectors_End                            0x080000ec   Data           0  startup_stm32f103xb.o(RESET)
    __main                                   0x080000ed   Thumb Code     8  __main.o(!!!main)
    __scatterload                            0x080000f5   Thumb Code     0  __scatter.o(!!!scatter)
    __scatterload_rt2                        0x080000f5   Thumb Code    44  __scatter.o(!!!scatter)
    __scatterload_rt2_thumb_only             0x080000f5   Thumb Code     0  __scatter.o(!!!scatter)
    __scatterload_null                       0x08000103   Thumb Code     0  __scatter.o(!!!scatter)
    __scatterload_copy                       0x08000129   Thumb Code    26  __scatter_copy.o(!!handler_copy)
    __scatterload_zeroinit                   0x08000145   Thumb Code    28  __scatter_zi.o(!!handler_zi)
    __rt_lib_init                            0x08000161   Thumb Code     0  libinit.o(.ARM.Collect$$libinit$$00000000)
    __rt_lib_init_alloca_1                   0x08000163   Thumb Code     0  libinit2.o(.ARM.Collect$$libinit$$0000002E)
    __rt_lib_init_argv_1                     0x08000163   Thumb Code     0  libinit2.o(.ARM.Collect$$libinit$$0000002C)
    __rt_lib_init_atexit_1                   0x08000163   Thumb Code     0  libinit2.o(.ARM.Collect$$libinit$$0000001B)
    __rt_lib_init_clock_1                    0x08000163   Thumb Code     0  libinit2.o(.ARM.Collect$$libinit$$00000021)
    __rt_lib_init_cpp_1                      0x08000163   Thumb Code     0  libinit2.o(.ARM.Collect$$libinit$$00000032)
    __rt_lib_init_exceptions_1               0x08000163   Thumb Code     0  libinit2.o(.ARM.Collect$$libinit$$00000030)
    __rt_lib_init_fp_1                       0x08000163   Thumb Code     0  libinit2.o(.ARM.Collect$$libinit$$00000002)
    __rt_lib_init_fp_trap_1                  0x08000163   Thumb Code     0  libinit2.o(.ARM.Collect$$libinit$$0000001F)
    __rt_lib_init_getenv_1                   0x08000163   Thumb Code     0  libinit2.o(.ARM.Collect$$libinit$$00000023)
    __rt_lib_init_heap_1                     0x08000163   Thumb Code     0  libinit2.o(.ARM.Collect$$libinit$$0000000A)
    __rt_lib_init_lc_collate_1               0x08000163   Thumb Code     0  libinit2.o(.ARM.Collect$$libinit$$00000011)
    __rt_lib_init_lc_ctype_1                 0x08000163   Thumb Code     0  libinit2.o(.ARM.Collect$$libinit$$00000013)
    __rt_lib_init_lc_monetary_1              0x08000163   Thumb Code     0  libinit2.o(.ARM.Collect$$libinit$$00000015)
    __rt_lib_init_lc_numeric_1               0x08000163   Thumb Code     0  libinit2.o(.ARM.Collect$$libinit$$00000017)
    __rt_lib_init_lc_time_1                  0x08000163   Thumb Code     0  libinit2.o(.ARM.Collect$$libinit$$00000019)
    __rt_lib_init_preinit_1                  0x08000163   Thumb Code     0  libinit2.o(.ARM.Collect$$libinit$$00000004)
    __rt_lib_init_rand_1                     0x08000163   Thumb Code     0  libinit2.o(.ARM.Collect$$libinit$$0000000E)
    __rt_lib_init_return                     0x08000163   Thumb Code     0  libinit2.o(.ARM.Collect$$libinit$$00000033)
    __rt_lib_init_signal_1                   0x08000163   Thumb Code     0  libinit2.o(.ARM.Collect$$libinit$$0000001D)
    __rt_lib_init_stdio_1                    0x08000163   Thumb Code     0  libinit2.o(.ARM.Collect$$libinit$$00000025)
    __rt_lib_init_user_alloc_1               0x08000163   Thumb Code     0  libinit2.o(.ARM.Collect$$libinit$$0000000C)
    __rt_lib_shutdown                        0x08000165   Thumb Code     0  libshutdown.o(.ARM.Collect$$libshutdown$$00000000)
    __rt_lib_shutdown_cpp_1                  0x08000167   Thumb Code     0  libshutdown2.o(.ARM.Collect$$libshutdown$$00000004)
    __rt_lib_shutdown_fini_1                 0x08000167   Thumb Code     0  libshutdown2.o(.ARM.Collect$$libshutdown$$00000002)
    __rt_lib_shutdown_fp_trap_1              0x08000167   Thumb Code     0  libshutdown2.o(.ARM.Collect$$libshutdown$$00000009)
    __rt_lib_shutdown_heap_1                 0x08000167   Thumb Code     0  libshutdown2.o(.ARM.Collect$$libshutdown$$00000011)
    __rt_lib_shutdown_return                 0x08000167   Thumb Code     0  libshutdown2.o(.ARM.Collect$$libshutdown$$00000012)
    __rt_lib_shutdown_signal_1               0x08000167   Thumb Code     0  libshutdown2.o(.ARM.Collect$$libshutdown$$0000000C)
    __rt_lib_shutdown_stdio_1                0x08000167   Thumb Code     0  libshutdown2.o(.ARM.Collect$$libshutdown$$00000006)
    __rt_lib_shutdown_user_alloc_1           0x08000167   Thumb Code     0  libshutdown2.o(.ARM.Collect$$libshutdown$$0000000E)
    __rt_entry                               0x08000169   Thumb Code     0  __rtentry.o(.ARM.Collect$$rtentry$$00000000)
    __rt_entry_presh_1                       0x08000169   Thumb Code     0  __rtentry2.o(.ARM.Collect$$rtentry$$00000002)
    __rt_entry_sh                            0x08000169   Thumb Code     0  __rtentry4.o(.ARM.Collect$$rtentry$$00000004)
    __rt_entry_li                            0x0800016f   Thumb Code     0  __rtentry2.o(.ARM.Collect$$rtentry$$0000000A)
    __rt_entry_postsh_1                      0x0800016f   Thumb Code     0  __rtentry2.o(.ARM.Collect$$rtentry$$00000009)
    __rt_entry_main                          0x08000173   Thumb Code     0  __rtentry2.o(.ARM.Collect$$rtentry$$0000000D)
    __rt_entry_postli_1                      0x08000173   Thumb Code     0  __rtentry2.o(.ARM.Collect$$rtentry$$0000000C)
    __rt_exit                                0x0800017b   Thumb Code     0  rtexit.o(.ARM.Collect$$rtexit$$00000000)
    __rt_exit_ls                             0x0800017d   Thumb Code     0  rtexit2.o(.ARM.Collect$$rtexit$$00000003)
    __rt_exit_prels_1                        0x0800017d   Thumb Code     0  rtexit2.o(.ARM.Collect$$rtexit$$00000002)
    __rt_exit_exit                           0x08000181   Thumb Code     0  rtexit2.o(.ARM.Collect$$rtexit$$00000004)
    Reset_Handler                            0x08000189   Thumb Code     8  startup_stm32f103xb.o(.text)
    SVC_Handler                              0x0800019b   Thumb Code     2  startup_stm32f103xb.o(.text)
    ADC1_2_IRQHandler                        0x080001a3   Thumb Code     0  startup_stm32f103xb.o(.text)
    CAN1_RX1_IRQHandler                      0x080001a3   Thumb Code     0  startup_stm32f103xb.o(.text)
    CAN1_SCE_IRQHandler                      0x080001a3   Thumb Code     0  startup_stm32f103xb.o(.text)
    DMA1_Channel1_IRQHandler                 0x080001a3   Thumb Code     0  startup_stm32f103xb.o(.text)
    DMA1_Channel2_IRQHandler                 0x080001a3   Thumb Code     0  startup_stm32f103xb.o(.text)
    DMA1_Channel3_IRQHandler                 0x080001a3   Thumb Code     0  startup_stm32f103xb.o(.text)
    DMA1_Channel4_IRQHandler                 0x080001a3   Thumb Code     0  startup_stm32f103xb.o(.text)
    DMA1_Channel5_IRQHandler                 0x080001a3   Thumb Code     0  startup_stm32f103xb.o(.text)
    DMA1_Channel6_IRQHandler                 0x080001a3   Thumb Code     0  startup_stm32f103xb.o(.text)
    DMA1_Channel7_IRQHandler                 0x080001a3   Thumb Code     0  startup_stm32f103xb.o(.text)
    EXTI0_IRQHandler                         0x080001a3   Thumb Code     0  startup_stm32f103xb.o(.text)
    EXTI15_10_IRQHandler                     0x080001a3   Thumb Code     0  startup_stm32f103xb.o(.text)
    EXTI1_IRQHandler                         0x080001a3   Thumb Code     0  startup_stm32f103xb.o(.text)
    EXTI2_IRQHandler                         0x080001a3   Thumb Code     0  startup_stm32f103xb.o(.text)
    EXTI3_IRQHandler                         0x080001a3   Thumb Code     0  startup_stm32f103xb.o(.text)
    EXTI4_IRQHandler                         0x080001a3   Thumb Code     0  startup_stm32f103xb.o(.text)
    EXTI9_5_IRQHandler                       0x080001a3   Thumb Code     0  startup_stm32f103xb.o(.text)
    FLASH_IRQHandler                         0x080001a3   Thumb Code     0  startup_stm32f103xb.o(.text)
    I2C1_ER_IRQHandler                       0x080001a3   Thumb Code     0  startup_stm32f103xb.o(.text)
    I2C1_EV_IRQHandler                       0x080001a3   Thumb Code     0  startup_stm32f103xb.o(.text)
    I2C2_ER_IRQHandler                       0x080001a3   Thumb Code     0  startup_stm32f103xb.o(.text)
    I2C2_EV_IRQHandler                       0x080001a3   Thumb Code     0  startup_stm32f103xb.o(.text)
    PVD_IRQHandler                           0x080001a3   Thumb Code     0  startup_stm32f103xb.o(.text)
    RCC_IRQHandler                           0x080001a3   Thumb Code     0  startup_stm32f103xb.o(.text)
    RTC_Alarm_IRQHandler                     0x080001a3   Thumb Code     0  startup_stm32f103xb.o(.text)
    RTC_IRQHandler                           0x080001a3   Thumb Code     0  startup_stm32f103xb.o(.text)
    SPI1_IRQHandler                          0x080001a3   Thumb Code     0  startup_stm32f103xb.o(.text)
    SPI2_IRQHandler                          0x080001a3   Thumb Code     0  startup_stm32f103xb.o(.text)
    TAMPER_IRQHandler                        0x080001a3   Thumb Code     0  startup_stm32f103xb.o(.text)
    TIM1_BRK_IRQHandler                      0x080001a3   Thumb Code     0  startup_stm32f103xb.o(.text)
    TIM1_CC_IRQHandler                       0x080001a3   Thumb Code     0  startup_stm32f103xb.o(.text)
    TIM1_TRG_COM_IRQHandler                  0x080001a3   Thumb Code     0  startup_stm32f103xb.o(.text)
    TIM2_IRQHandler                          0x080001a3   Thumb Code     0  startup_stm32f103xb.o(.text)
    TIM3_IRQHandler                          0x080001a3   Thumb Code     0  startup_stm32f103xb.o(.text)
    TIM4_IRQHandler                          0x080001a3   Thumb Code     0  startup_stm32f103xb.o(.text)
    USART2_IRQHandler                        0x080001a3   Thumb Code     0  startup_stm32f103xb.o(.text)
    USART3_IRQHandler                        0x080001a3   Thumb Code     0  startup_stm32f103xb.o(.text)
    USBWakeUp_IRQHandler                     0x080001a3   Thumb Code     0  startup_stm32f103xb.o(.text)
    USB_HP_CAN1_TX_IRQHandler                0x080001a3   Thumb Code     0  startup_stm32f103xb.o(.text)
    USB_LP_CAN1_RX0_IRQHandler               0x080001a3   Thumb Code     0  startup_stm32f103xb.o(.text)
    WWDG_IRQHandler                          0x080001a3   Thumb Code     0  startup_stm32f103xb.o(.text)
    __user_initial_stackheap                 0x080001a5   Thumb Code     0  startup_stm32f103xb.o(.text)
    rt_hw_interrupt_disable                  0x080001c9   Thumb Code     8  context_rvds.o(.text)
    rt_hw_interrupt_enable                   0x080001d1   Thumb Code     6  context_rvds.o(.text)
    rt_hw_context_switch                     0x080001d7   Thumb Code    32  context_rvds.o(.text)
    rt_hw_context_switch_interrupt           0x080001d7   Thumb Code     0  context_rvds.o(.text)
    PendSV_Handler                           0x080001f7   Thumb Code    60  context_rvds.o(.text)
    rt_hw_context_switch_to                  0x08000233   Thumb Code    64  context_rvds.o(.text)
    rt_hw_interrupt_thread_switch            0x08000273   Thumb Code     2  context_rvds.o(.text)
    HardFault_Handler                        0x08000275   Thumb Code    52  context_rvds.o(.text)
    __aeabi_memclr4                          0x080002c5   Thumb Code     0  rt_memclr_w.o(.text)
    __aeabi_memclr8                          0x080002c5   Thumb Code     0  rt_memclr_w.o(.text)
    __rt_memclr_w                            0x080002c5   Thumb Code    78  rt_memclr_w.o(.text)
    _memset_w                                0x080002c9   Thumb Code     0  rt_memclr_w.o(.text)
    __use_two_region_memory                  0x08000313   Thumb Code     2  heapauxi.o(.text)
    __rt_heap_escrow$2region                 0x08000315   Thumb Code     2  heapauxi.o(.text)
    __rt_heap_expand$2region                 0x08000317   Thumb Code     2  heapauxi.o(.text)
    __user_libspace                          0x08000319   Thumb Code     8  libspace.o(.text)
    __user_perproc_libspace                  0x08000319   Thumb Code     0  libspace.o(.text)
    __user_perthread_libspace                0x08000319   Thumb Code     0  libspace.o(.text)
    __user_setup_stackheap                   0x08000321   Thumb Code    74  sys_stackheap_outer.o(.text)
    exit                                     0x0800036b   Thumb Code    18  exit.o(.text)
    _sys_exit                                0x0800037d   Thumb Code     8  sys_exit.o(.text)
    __I$use$semihosting                      0x08000389   Thumb Code     0  use_no_semi.o(.text)
    __use_no_semihosting_swi                 0x08000389   Thumb Code     2  use_no_semi.o(.text)
    __semihosting_library_function           0x0800038b   Thumb Code     0  indicate_semi.o(.text)
    main                                     0x0800038b   Thumb Code    10  components.o(i.$Sub$$main)
    BusFault_Handler                         0x08000395   Thumb Code     4  stm32f1xx_it.o(i.BusFault_Handler)
    DebugMon_Handler                         0x08000399   Thumb Code     2  stm32f1xx_it.o(i.DebugMon_Handler)
    Error_Handler                            0x0800039b   Thumb Code     6  main.o(i.Error_Handler)
    HAL_DMA_Abort                            0x080003a1   Thumb Code    86  stm32f1xx_hal_dma.o(i.HAL_DMA_Abort)
    HAL_DMA_Abort_IT                         0x080003f9   Thumb Code   172  stm32f1xx_hal_dma.o(i.HAL_DMA_Abort_IT)
    HAL_GPIO_Init                            0x080004a9   Thumb Code   766  stm32f1xx_hal_gpio.o(i.HAL_GPIO_Init)
    HAL_GetTick                              0x080007c9   Thumb Code     6  stm32f1xx_hal.o(i.HAL_GetTick)
    HAL_IncTick                              0x080007d5   Thumb Code    16  stm32f1xx_hal.o(i.HAL_IncTick)
    HAL_Init                                 0x080007ed   Thumb Code    34  stm32f1xx_hal.o(i.HAL_Init)
    HAL_InitTick                             0x08000815   Thumb Code   138  stm32f1xx_hal_timebase_tim.o(i.HAL_InitTick)
    HAL_MspInit                              0x080008b5   Thumb Code    76  stm32f1xx_hal_msp.o(i.HAL_MspInit)
    HAL_NVIC_EnableIRQ                       0x08000909   Thumb Code    32  stm32f1xx_hal_cortex.o(i.HAL_NVIC_EnableIRQ)
    HAL_NVIC_SetPriority                     0x08000929   Thumb Code   124  stm32f1xx_hal_cortex.o(i.HAL_NVIC_SetPriority)
    HAL_NVIC_SetPriorityGrouping             0x080009a5   Thumb Code    32  stm32f1xx_hal_cortex.o(i.HAL_NVIC_SetPriorityGrouping)
    HAL_RCC_ClockConfig                      0x080009cd   Thumb Code   376  stm32f1xx_hal_rcc.o(i.HAL_RCC_ClockConfig)
    HAL_RCC_GetClockConfig                   0x08000b59   Thumb Code    58  stm32f1xx_hal_rcc.o(i.HAL_RCC_GetClockConfig)
    HAL_RCC_GetHCLKFreq                      0x08000b9d   Thumb Code     6  stm32f1xx_hal_rcc.o(i.HAL_RCC_GetHCLKFreq)
    HAL_RCC_GetPCLK1Freq                     0x08000ba9   Thumb Code    22  stm32f1xx_hal_rcc.o(i.HAL_RCC_GetPCLK1Freq)
    HAL_RCC_GetPCLK2Freq                     0x08000bc9   Thumb Code    22  stm32f1xx_hal_rcc.o(i.HAL_RCC_GetPCLK2Freq)
    HAL_RCC_GetSysClockFreq                  0x08000be9   Thumb Code    92  stm32f1xx_hal_rcc.o(i.HAL_RCC_GetSysClockFreq)
    HAL_RCC_OscConfig                        0x08000c59   Thumb Code  1114  stm32f1xx_hal_rcc.o(i.HAL_RCC_OscConfig)
    HAL_SYSTICK_Config                       0x080010bd   Thumb Code    52  stm32f1xx_hal_cortex.o(i.HAL_SYSTICK_Config)
    HAL_TIMEx_BreakCallback                  0x080010f1   Thumb Code     2  stm32f1xx_hal_tim_ex.o(i.HAL_TIMEx_BreakCallback)
    HAL_TIMEx_CommutCallback                 0x080010f3   Thumb Code     2  stm32f1xx_hal_tim_ex.o(i.HAL_TIMEx_CommutCallback)
    HAL_TIM_Base_Init                        0x080010f5   Thumb Code   102  stm32f1xx_hal_tim.o(i.HAL_TIM_Base_Init)
    HAL_TIM_Base_MspInit                     0x0800115b   Thumb Code     2  stm32f1xx_hal_tim.o(i.HAL_TIM_Base_MspInit)
    HAL_TIM_Base_Start_IT                    0x0800115d   Thumb Code   106  stm32f1xx_hal_tim.o(i.HAL_TIM_Base_Start_IT)
    HAL_TIM_IC_CaptureCallback               0x080011d5   Thumb Code     2  stm32f1xx_hal_tim.o(i.HAL_TIM_IC_CaptureCallback)
    HAL_TIM_IRQHandler                       0x080011d7   Thumb Code   364  stm32f1xx_hal_tim.o(i.HAL_TIM_IRQHandler)
    HAL_TIM_OC_DelayElapsedCallback          0x08001343   Thumb Code     2  stm32f1xx_hal_tim.o(i.HAL_TIM_OC_DelayElapsedCallback)
    HAL_TIM_PWM_PulseFinishedCallback        0x08001345   Thumb Code     2  stm32f1xx_hal_tim.o(i.HAL_TIM_PWM_PulseFinishedCallback)
    HAL_TIM_PeriodElapsedCallback            0x08001349   Thumb Code    18  main.o(i.HAL_TIM_PeriodElapsedCallback)
    HAL_TIM_TriggerCallback                  0x08001361   Thumb Code     2  stm32f1xx_hal_tim.o(i.HAL_TIM_TriggerCallback)
    HAL_UARTEx_ReceiveToIdle_IT              0x08001363   Thumb Code   114  stm32f1xx_hal_uart.o(i.HAL_UARTEx_ReceiveToIdle_IT)
    HAL_UARTEx_RxEventCallback               0x080013d5   Thumb Code    52  board.o(i.HAL_UARTEx_RxEventCallback)
    HAL_UART_ErrorCallback                   0x08001429   Thumb Code     2  stm32f1xx_hal_uart.o(i.HAL_UART_ErrorCallback)
    HAL_UART_IRQHandler                      0x0800142d   Thumb Code   736  stm32f1xx_hal_uart.o(i.HAL_UART_IRQHandler)
    HAL_UART_Init                            0x08001711   Thumb Code   118  stm32f1xx_hal_uart.o(i.HAL_UART_Init)
    HAL_UART_MspInit                         0x08001789   Thumb Code   122  usart.o(i.HAL_UART_MspInit)
    HAL_UART_RxCpltCallback                  0x08001811   Thumb Code     2  stm32f1xx_hal_uart.o(i.HAL_UART_RxCpltCallback)
    HAL_UART_Transmit                        0x08001813   Thumb Code   190  stm32f1xx_hal_uart.o(i.HAL_UART_Transmit)
    HAL_UART_TxCpltCallback                  0x080018d1   Thumb Code     2  stm32f1xx_hal_uart.o(i.HAL_UART_TxCpltCallback)
    MemManage_Handler                        0x080018d3   Thumb Code     4  stm32f1xx_it.o(i.MemManage_Handler)
    NMI_Handler                              0x080018d7   Thumb Code     4  stm32f1xx_it.o(i.NMI_Handler)
    SysTick_Handler                          0x08001905   Thumb Code    16  board.o(i.SysTick_Handler)
    SystemClock_Config                       0x08001915   Thumb Code   102  main.o(i.SystemClock_Config)
    SystemCoreClockUpdate                    0x0800197d   Thumb Code   142  system_stm32f1xx.o(i.SystemCoreClockUpdate)
    SystemInit                               0x08001a21   Thumb Code     2  system_stm32f1xx.o(i.SystemInit)
    TIM1_UP_IRQHandler                       0x08001a25   Thumb Code    10  stm32f1xx_it.o(i.TIM1_UP_IRQHandler)
    TIM_Base_SetConfig                       0x08001a35   Thumb Code   120  stm32f1xx_hal_tim.o(i.TIM_Base_SetConfig)
    UART_Start_Receive_IT                    0x08001d51   Thumb Code    64  stm32f1xx_hal_uart.o(i.UART_Start_Receive_IT)
    USART1_IRQHandler                        0x08001e7d   Thumb Code    10  board.o(i.USART1_IRQHandler)
    UsageFault_Handler                       0x08001e8d   Thumb Code     4  stm32f1xx_it.o(i.UsageFault_Handler)
    __rt_ffs                                 0x08001ec9   Thumb Code    70  kservice.o(i.__rt_ffs)
    $Super$$main                             0x08002129   Thumb Code     8  main.o(i.main)
    main_thread_entry                        0x08002131   Thumb Code    14  components.o(i.main_thread_entry)
    rt_application_init                      0x0800233d   Thumb Code    34  components.o(i.rt_application_init)
    rt_components_board_init                 0x0800236d   Thumb Code    20  components.o(i.rt_components_board_init)
    rt_components_init                       0x08002389   Thumb Code    20  components.o(i.rt_components_init)
    rt_enter_critical                        0x080023e5   Thumb Code    28  scheduler.o(i.rt_enter_critical)
    rt_exit_critical                         0x08002405   Thumb Code    60  scheduler.o(i.rt_exit_critical)
    rt_free                                  0x08002449   Thumb Code    48  kservice.o(i.rt_free)
    rt_heap_begin_get                        0x0800247d   Thumb Code     4  board.o(i.rt_heap_begin_get)
    rt_heap_end_get                          0x08002485   Thumb Code     4  board.o(i.rt_heap_end_get)
    rt_hw_board_init                         0x0800248d   Thumb Code    56  board.o(i.rt_hw_board_init)
    rt_hw_console_output                     0x080024c5   Thumb Code    74  board.o(i.rt_hw_console_output)
    rt_hw_hard_fault_exception               0x08002515   Thumb Code   190  cpuport.o(i.rt_hw_hard_fault_exception)
    rt_hw_stack_init                         0x08002715   Thumb Code    70  cpuport.o(i.rt_hw_stack_init)
    rt_interrupt_enter                       0x08002761   Thumb Code    42  irq.o(i.rt_interrupt_enter)
    rt_interrupt_leave                       0x08002795   Thumb Code    42  irq.o(i.rt_interrupt_leave)
    rt_kprintf                               0x080027c9   Thumb Code    46  kservice.o(i.rt_kprintf)
    rt_malloc                                0x08002865   Thumb Code    52  kservice.o(i.rt_malloc)
    rt_memset                                0x080028a1   Thumb Code    72  kservice.o(i.rt_memset)
    rt_object_allocate                       0x080028e9   Thumb Code   102  object.o(i.rt_object_allocate)
    rt_object_delete                         0x08002955   Thumb Code    54  object.o(i.rt_object_delete)
    rt_object_detach                         0x08002991   Thumb Code    48  object.o(i.rt_object_detach)
    rt_object_get_information                0x080029c5   Thumb Code    36  object.o(i.rt_object_get_information)
    rt_object_init                           0x080029ed   Thumb Code   104  object.o(i.rt_object_init)
    rt_object_is_systemobject                0x08002a59   Thumb Code    18  object.o(i.rt_object_is_systemobject)
    rt_schedule                              0x08002a6d   Thumb Code   304  scheduler.o(i.rt_schedule)
    rt_schedule_insert_thread                0x08002bb9   Thumb Code   142  scheduler.o(i.rt_schedule_insert_thread)
    rt_schedule_remove_thread                0x08002c55   Thumb Code    76  scheduler.o(i.rt_schedule_remove_thread)
    rt_show_version                          0x08002ca9   Thumb Code    42  kservice.o(i.rt_show_version)
    rt_smem_alloc                            0x08002d6d   Thumb Code   276  mem.o(i.rt_smem_alloc)
    rt_smem_free                             0x08002e81   Thumb Code    58  mem.o(i.rt_smem_free)
    rt_smem_init                             0x08002ebd   Thumb Code   172  mem.o(i.rt_smem_init)
    rt_soft_timer_check                      0x08002fad   Thumb Code   214  timer.o(i.rt_soft_timer_check)
    rt_sprintf                               0x08003095   Thumb Code    34  kservice.o(i.rt_sprintf)
    rt_strlen                                0x080030b7   Thumb Code    18  kservice.o(i.rt_strlen)
    rt_strncpy                               0x080030c9   Thumb Code    52  kservice.o(i.rt_strncpy)
    rt_system_heap_init                      0x080030fd   Thumb Code    40  kservice.o(i.rt_system_heap_init)
    rt_system_scheduler_init                 0x08003131   Thumb Code    38  scheduler.o(i.rt_system_scheduler_init)
    rt_system_scheduler_start                0x08003165   Thumb Code    36  scheduler.o(i.rt_system_scheduler_start)
    rt_system_timer_init                     0x0800318d   Thumb Code    24  timer.o(i.rt_system_timer_init)
    rt_system_timer_thread_init              0x080031a9   Thumb Code    58  timer.o(i.rt_system_timer_thread_init)
    rt_thread_create                         0x080031fd   Thumb Code    80  thread.o(i.rt_thread_create)
    rt_thread_defunct_dequeue                0x0800324d   Thumb Code    56  idle.o(i.rt_thread_defunct_dequeue)
    rt_thread_defunct_enqueue                0x08003289   Thumb Code    24  idle.o(i.rt_thread_defunct_enqueue)
    rt_thread_delay                          0x080032a5   Thumb Code    12  thread.o(i.rt_thread_delay)
    rt_thread_idle_init                      0x080032d5   Thumb Code    82  idle.o(i.rt_thread_idle_init)
    rt_thread_init                           0x0800333d   Thumb Code    52  thread.o(i.rt_thread_init)
    rt_thread_resume                         0x08003371   Thumb Code    78  thread.o(i.rt_thread_resume)
    rt_thread_self                           0x080033c5   Thumb Code     6  thread.o(i.rt_thread_self)
    rt_thread_sleep                          0x080033d1   Thumb Code    68  thread.o(i.rt_thread_sleep)
    rt_thread_startup                        0x08003415   Thumb Code    40  thread.o(i.rt_thread_startup)
    rt_thread_suspend                        0x0800343d   Thumb Code    90  thread.o(i.rt_thread_suspend)
    rt_tick_get                              0x0800349d   Thumb Code     6  clock.o(i.rt_tick_get)
    rt_tick_increase                         0x080034a9   Thumb Code    90  clock.o(i.rt_tick_increase)
    rt_timer_check                           0x0800350d   Thumb Code   196  timer.o(i.rt_timer_check)
    rt_timer_control                         0x080035dd   Thumb Code   104  timer.o(i.rt_timer_control)
    rt_timer_detach                          0x08003645   Thumb Code    40  timer.o(i.rt_timer_detach)
    rt_timer_init                            0x0800366d   Thumb Code    46  timer.o(i.rt_timer_init)
    rt_timer_start                           0x0800369d   Thumb Code   310  timer.o(i.rt_timer_start)
    rt_timer_stop                            0x080037ed   Thumb Code    66  timer.o(i.rt_timer_stop)
    rt_vsnprintf                             0x08003835   Thumb Code   824  kservice.o(i.rt_vsnprintf)
    rt_vsprintf                              0x08003b75   Thumb Code    22  kservice.o(i.rt_vsprintf)
    rtthread_startup                         0x08003b9b   Thumb Code    42  components.o(i.rtthread_startup)
    AHBPrescTable                            0x08003c56   Data          16  system_stm32f1xx.o(.constdata)
    APBPrescTable                            0x08003c66   Data           8  system_stm32f1xx.o(.constdata)
    __lowest_bit_bitmap                      0x08003c6e   Data         256  kservice.o(.constdata)
    __rt_init_rti_start                      0x08003de8   Data           4  components.o(.rti_fn.0)
    __rt_init_rti_board_start                0x08003dec   Data           4  components.o(.rti_fn.0.end)
    __rt_init_uart_init                      0x08003df0   Data           4  board.o(.rti_fn.1)
    __rt_init_rti_board_end                  0x08003df4   Data           4  components.o(.rti_fn.1.end)
    __rt_init_rti_end                        0x08003df8   Data           4  components.o(.rti_fn.6.end)
    Region$$Table$$Base                      0x08003dfc   Number         0  anon$$obj.o(Region$$Table)
    Region$$Table$$Limit                     0x08003e1c   Number         0  anon$$obj.o(Region$$Table)
    uwTick                                   0x20000000   Data           4  stm32f1xx_hal.o(.data)
    uwTickPrio                               0x20000004   Data           4  stm32f1xx_hal.o(.data)
    uwTickFreq                               0x20000008   Data           1  stm32f1xx_hal.o(.data)
    SystemCoreClock                          0x2000000c   Data           4  system_stm32f1xx.o(.data)
    rt_interrupt_from_thread                 0x20000010   Data           4  cpuport.o(.data)
    rt_interrupt_to_thread                   0x20000014   Data           4  cpuport.o(.data)
    rt_thread_switch_interrupt_flag          0x20000018   Data           4  cpuport.o(.data)
    rt_interrupt_nest                        0x20000038   Data           1  irq.o(.data)
    rt_object_trytake_hook                   0x200000d4   Data           4  object.o(.data)
    rt_object_take_hook                      0x200000d8   Data           4  object.o(.data)
    rt_object_put_hook                       0x200000dc   Data           4  object.o(.data)
    rt_thread_ready_priority_group           0x200000e0   Data           4  scheduler.o(.data)
    rt_current_thread                        0x200000e8   Data           4  scheduler.o(.data)
    rt_current_priority                      0x200000ec   Data           1  scheduler.o(.data)
    htim1                                    0x20000124   Data          72  stm32f1xx_hal_timebase_tim.o(.bss)
    rt_thread_priority_table                 0x20000374   Data         256  scheduler.o(.bss)
    __libspace_start                         0x20002f74   Data          96  libspace.o(.bss)
    __temporary_stack_top$libspace           0x20002fd4   Data           0  libspace.o(.bss)



==============================================================================

Memory Map of the image

  Image Entry point : 0x080000ed

  Load Region LR_IROM1 (Base: 0x08000000, Size: 0x00003f40, Max: 0x00010000, ABSOLUTE)

    Execution Region ER_IROM1 (Exec base: 0x08000000, Load base: 0x08000000, Size: 0x00003e1c, Max: 0x00010000, ABSOLUTE)

    Exec Addr    Load Addr    Size         Type   Attr      Idx    E Section Name        Object

    0x08000000   0x08000000   0x000000ec   Data   RO            3    RESET               startup_stm32f103xb.o
    0x080000ec   0x080000ec   0x00000008   Code   RO         4132  * !!!main             c_w.l(__main.o)
    0x080000f4   0x080000f4   0x00000034   Code   RO         4301    !!!scatter          c_w.l(__scatter.o)
    0x08000128   0x08000128   0x0000001a   Code   RO         4303    !!handler_copy      c_w.l(__scatter_copy.o)
    0x08000142   0x08000142   0x00000002   PAD
    0x08000144   0x08000144   0x0000001c   Code   RO         4305    !!handler_zi        c_w.l(__scatter_zi.o)
    0x08000160   0x08000160   0x00000002   Code   RO         4219    .ARM.Collect$$libinit$$00000000  c_w.l(libinit.o)
    0x08000162   0x08000162   0x00000000   Code   RO         4164    .ARM.Collect$$libinit$$00000002  c_w.l(libinit2.o)
    0x08000162   0x08000162   0x00000000   Code   RO         4166    .ARM.Collect$$libinit$$00000004  c_w.l(libinit2.o)
    0x08000162   0x08000162   0x00000000   Code   RO         4169    .ARM.Collect$$libinit$$0000000A  c_w.l(libinit2.o)
    0x08000162   0x08000162   0x00000000   Code   RO         4171    .ARM.Collect$$libinit$$0000000C  c_w.l(libinit2.o)
    0x08000162   0x08000162   0x00000000   Code   RO         4173    .ARM.Collect$$libinit$$0000000E  c_w.l(libinit2.o)
    0x08000162   0x08000162   0x00000000   Code   RO         4176    .ARM.Collect$$libinit$$00000011  c_w.l(libinit2.o)
    0x08000162   0x08000162   0x00000000   Code   RO         4178    .ARM.Collect$$libinit$$00000013  c_w.l(libinit2.o)
    0x08000162   0x08000162   0x00000000   Code   RO         4180    .ARM.Collect$$libinit$$00000015  c_w.l(libinit2.o)
    0x08000162   0x08000162   0x00000000   Code   RO         4182    .ARM.Collect$$libinit$$00000017  c_w.l(libinit2.o)
    0x08000162   0x08000162   0x00000000   Code   RO         4184    .ARM.Collect$$libinit$$00000019  c_w.l(libinit2.o)
    0x08000162   0x08000162   0x00000000   Code   RO         4186    .ARM.Collect$$libinit$$0000001B  c_w.l(libinit2.o)
    0x08000162   0x08000162   0x00000000   Code   RO         4188    .ARM.Collect$$libinit$$0000001D  c_w.l(libinit2.o)
    0x08000162   0x08000162   0x00000000   Code   RO         4190    .ARM.Collect$$libinit$$0000001F  c_w.l(libinit2.o)
    0x08000162   0x08000162   0x00000000   Code   RO         4192    .ARM.Collect$$libinit$$00000021  c_w.l(libinit2.o)
    0x08000162   0x08000162   0x00000000   Code   RO         4194    .ARM.Collect$$libinit$$00000023  c_w.l(libinit2.o)
    0x08000162   0x08000162   0x00000000   Code   RO         4196    .ARM.Collect$$libinit$$00000025  c_w.l(libinit2.o)
    0x08000162   0x08000162   0x00000000   Code   RO         4200    .ARM.Collect$$libinit$$0000002C  c_w.l(libinit2.o)
    0x08000162   0x08000162   0x00000000   Code   RO         4202    .ARM.Collect$$libinit$$0000002E  c_w.l(libinit2.o)
    0x08000162   0x08000162   0x00000000   Code   RO         4204    .ARM.Collect$$libinit$$00000030  c_w.l(libinit2.o)
    0x08000162   0x08000162   0x00000000   Code   RO         4206    .ARM.Collect$$libinit$$00000032  c_w.l(libinit2.o)
    0x08000162   0x08000162   0x00000002   Code   RO         4207    .ARM.Collect$$libinit$$00000033  c_w.l(libinit2.o)
    0x08000164   0x08000164   0x00000002   Code   RO         4256    .ARM.Collect$$libshutdown$$00000000  c_w.l(libshutdown.o)
    0x08000166   0x08000166   0x00000000   Code   RO         4262    .ARM.Collect$$libshutdown$$00000002  c_w.l(libshutdown2.o)
    0x08000166   0x08000166   0x00000000   Code   RO         4264    .ARM.Collect$$libshutdown$$00000004  c_w.l(libshutdown2.o)
    0x08000166   0x08000166   0x00000000   Code   RO         4266    .ARM.Collect$$libshutdown$$00000006  c_w.l(libshutdown2.o)
    0x08000166   0x08000166   0x00000000   Code   RO         4269    .ARM.Collect$$libshutdown$$00000009  c_w.l(libshutdown2.o)
    0x08000166   0x08000166   0x00000000   Code   RO         4272    .ARM.Collect$$libshutdown$$0000000C  c_w.l(libshutdown2.o)
    0x08000166   0x08000166   0x00000000   Code   RO         4274    .ARM.Collect$$libshutdown$$0000000E  c_w.l(libshutdown2.o)
    0x08000166   0x08000166   0x00000000   Code   RO         4277    .ARM.Collect$$libshutdown$$00000011  c_w.l(libshutdown2.o)
    0x08000166   0x08000166   0x00000002   Code   RO         4278    .ARM.Collect$$libshutdown$$00000012  c_w.l(libshutdown2.o)
    0x08000168   0x08000168   0x00000000   Code   RO         4134    .ARM.Collect$$rtentry$$00000000  c_w.l(__rtentry.o)
    0x08000168   0x08000168   0x00000000   Code   RO         4147    .ARM.Collect$$rtentry$$00000002  c_w.l(__rtentry2.o)
    0x08000168   0x08000168   0x00000006   Code   RO         4159    .ARM.Collect$$rtentry$$00000004  c_w.l(__rtentry4.o)
    0x0800016e   0x0800016e   0x00000000   Code   RO         4149    .ARM.Collect$$rtentry$$00000009  c_w.l(__rtentry2.o)
    0x0800016e   0x0800016e   0x00000004   Code   RO         4150    .ARM.Collect$$rtentry$$0000000A  c_w.l(__rtentry2.o)
    0x08000172   0x08000172   0x00000000   Code   RO         4152    .ARM.Collect$$rtentry$$0000000C  c_w.l(__rtentry2.o)
    0x08000172   0x08000172   0x00000008   Code   RO         4153    .ARM.Collect$$rtentry$$0000000D  c_w.l(__rtentry2.o)
    0x0800017a   0x0800017a   0x00000002   Code   RO         4222    .ARM.Collect$$rtexit$$00000000  c_w.l(rtexit.o)
    0x0800017c   0x0800017c   0x00000000   Code   RO         4231    .ARM.Collect$$rtexit$$00000002  c_w.l(rtexit2.o)
    0x0800017c   0x0800017c   0x00000004   Code   RO         4232    .ARM.Collect$$rtexit$$00000003  c_w.l(rtexit2.o)
    0x08000180   0x08000180   0x00000006   Code   RO         4233    .ARM.Collect$$rtexit$$00000004  c_w.l(rtexit2.o)
    0x08000186   0x08000186   0x00000002   PAD
    0x08000188   0x08000188   0x00000040   Code   RO            4    .text               startup_stm32f103xb.o
    0x080001c8   0x080001c8   0x000000fc   Code   RO         2860    .text               context_rvds.o
    0x080002c4   0x080002c4   0x0000004e   Code   RO         4128    .text               c_w.l(rt_memclr_w.o)
    0x08000312   0x08000312   0x00000006   Code   RO         4130    .text               c_w.l(heapauxi.o)
    0x08000318   0x08000318   0x00000008   Code   RO         4143    .text               c_w.l(libspace.o)
    0x08000320   0x08000320   0x0000004a   Code   RO         4208    .text               c_w.l(sys_stackheap_outer.o)
    0x0800036a   0x0800036a   0x00000012   Code   RO         4210    .text               c_w.l(exit.o)
    0x0800037c   0x0800037c   0x0000000c   Code   RO         4243    .text               c_w.l(sys_exit.o)
    0x08000388   0x08000388   0x00000002   Code   RO         4245    .text               c_w.l(use_no_semi.o)
    0x0800038a   0x0800038a   0x00000000   Code   RO         4247    .text               c_w.l(indicate_semi.o)
    0x0800038a   0x0800038a   0x0000000a   Code   RO         2947    i.$Sub$$main        components.o
    0x08000394   0x08000394   0x00000004   Code   RO          237    i.BusFault_Handler  stm32f1xx_it.o
    0x08000398   0x08000398   0x00000002   Code   RO          238    i.DebugMon_Handler  stm32f1xx_it.o
    0x0800039a   0x0800039a   0x00000006   Code   RO           13    i.Error_Handler     main.o
    0x080003a0   0x080003a0   0x00000056   Code   RO         1764    i.HAL_DMA_Abort     stm32f1xx_hal_dma.o
    0x080003f6   0x080003f6   0x00000002   PAD
    0x080003f8   0x080003f8   0x000000b0   Code   RO         1765    i.HAL_DMA_Abort_IT  stm32f1xx_hal_dma.o
    0x080004a8   0x080004a8   0x00000320   Code   RO         1700    i.HAL_GPIO_Init     stm32f1xx_hal_gpio.o
    0x080007c8   0x080007c8   0x0000000c   Code   RO         1389    i.HAL_GetTick       stm32f1xx_hal.o
    0x080007d4   0x080007d4   0x00000018   Code   RO         1395    i.HAL_IncTick       stm32f1xx_hal.o
    0x080007ec   0x080007ec   0x00000028   Code   RO         1396    i.HAL_Init          stm32f1xx_hal.o
    0x08000814   0x08000814   0x000000a0   Code   RO          319    i.HAL_InitTick      stm32f1xx_hal_timebase_tim.o
    0x080008b4   0x080008b4   0x00000054   Code   RO          295    i.HAL_MspInit       stm32f1xx_hal_msp.o
    0x08000908   0x08000908   0x00000020   Code   RO         1860    i.HAL_NVIC_EnableIRQ  stm32f1xx_hal_cortex.o
    0x08000928   0x08000928   0x0000007c   Code   RO         1866    i.HAL_NVIC_SetPriority  stm32f1xx_hal_cortex.o
    0x080009a4   0x080009a4   0x00000028   Code   RO         1867    i.HAL_NVIC_SetPriorityGrouping  stm32f1xx_hal_cortex.o
    0x080009cc   0x080009cc   0x0000018c   Code   RO         1553    i.HAL_RCC_ClockConfig  stm32f1xx_hal_rcc.o
    0x08000b58   0x08000b58   0x00000044   Code   RO         1557    i.HAL_RCC_GetClockConfig  stm32f1xx_hal_rcc.o
    0x08000b9c   0x08000b9c   0x0000000c   Code   RO         1558    i.HAL_RCC_GetHCLKFreq  stm32f1xx_hal_rcc.o
    0x08000ba8   0x08000ba8   0x00000020   Code   RO         1560    i.HAL_RCC_GetPCLK1Freq  stm32f1xx_hal_rcc.o
    0x08000bc8   0x08000bc8   0x00000020   Code   RO         1561    i.HAL_RCC_GetPCLK2Freq  stm32f1xx_hal_rcc.o
    0x08000be8   0x08000be8   0x00000070   Code   RO         1562    i.HAL_RCC_GetSysClockFreq  stm32f1xx_hal_rcc.o
    0x08000c58   0x08000c58   0x00000464   Code   RO         1565    i.HAL_RCC_OscConfig  stm32f1xx_hal_rcc.o
    0x080010bc   0x080010bc   0x00000034   Code   RO         1871    i.HAL_SYSTICK_Config  stm32f1xx_hal_cortex.o
    0x080010f0   0x080010f0   0x00000002   Code   RO         1111    i.HAL_TIMEx_BreakCallback  stm32f1xx_hal_tim_ex.o
    0x080010f2   0x080010f2   0x00000002   Code   RO         1112    i.HAL_TIMEx_CommutCallback  stm32f1xx_hal_tim_ex.o
    0x080010f4   0x080010f4   0x00000066   Code   RO          396    i.HAL_TIM_Base_Init  stm32f1xx_hal_tim.o
    0x0800115a   0x0800115a   0x00000002   Code   RO          398    i.HAL_TIM_Base_MspInit  stm32f1xx_hal_tim.o
    0x0800115c   0x0800115c   0x00000078   Code   RO          401    i.HAL_TIM_Base_Start_IT  stm32f1xx_hal_tim.o
    0x080011d4   0x080011d4   0x00000002   Code   RO          430    i.HAL_TIM_IC_CaptureCallback  stm32f1xx_hal_tim.o
    0x080011d6   0x080011d6   0x0000016c   Code   RO          444    i.HAL_TIM_IRQHandler  stm32f1xx_hal_tim.o
    0x08001342   0x08001342   0x00000002   Code   RO          447    i.HAL_TIM_OC_DelayElapsedCallback  stm32f1xx_hal_tim.o
    0x08001344   0x08001344   0x00000002   Code   RO          474    i.HAL_TIM_PWM_PulseFinishedCallback  stm32f1xx_hal_tim.o
    0x08001346   0x08001346   0x00000002   PAD
    0x08001348   0x08001348   0x00000018   Code   RO           14    i.HAL_TIM_PeriodElapsedCallback  main.o
    0x08001360   0x08001360   0x00000002   Code   RO          487    i.HAL_TIM_TriggerCallback  stm32f1xx_hal_tim.o
    0x08001362   0x08001362   0x00000072   Code   RO         2397    i.HAL_UARTEx_ReceiveToIdle_IT  stm32f1xx_hal_uart.o
    0x080013d4   0x080013d4   0x00000054   Code   RO         4054    i.HAL_UARTEx_RxEventCallback  board.o
    0x08001428   0x08001428   0x00000002   Code   RO         2412    i.HAL_UART_ErrorCallback  stm32f1xx_hal_uart.o
    0x0800142a   0x0800142a   0x00000002   PAD
    0x0800142c   0x0800142c   0x000002e4   Code   RO         2415    i.HAL_UART_IRQHandler  stm32f1xx_hal_uart.o
    0x08001710   0x08001710   0x00000076   Code   RO         2416    i.HAL_UART_Init     stm32f1xx_hal_uart.o
    0x08001786   0x08001786   0x00000002   PAD
    0x08001788   0x08001788   0x00000088   Code   RO          196    i.HAL_UART_MspInit  usart.o
    0x08001810   0x08001810   0x00000002   Code   RO         2422    i.HAL_UART_RxCpltCallback  stm32f1xx_hal_uart.o
    0x08001812   0x08001812   0x000000be   Code   RO         2424    i.HAL_UART_Transmit  stm32f1xx_hal_uart.o
    0x080018d0   0x080018d0   0x00000002   Code   RO         2427    i.HAL_UART_TxCpltCallback  stm32f1xx_hal_uart.o
    0x080018d2   0x080018d2   0x00000004   Code   RO          239    i.MemManage_Handler  stm32f1xx_it.o
    0x080018d6   0x080018d6   0x00000004   Code   RO          240    i.NMI_Handler       stm32f1xx_it.o
    0x080018da   0x080018da   0x00000002   PAD
    0x080018dc   0x080018dc   0x00000028   Code   RO         1566    i.RCC_Delay         stm32f1xx_hal_rcc.o
    0x08001904   0x08001904   0x00000010   Code   RO         4055    i.SysTick_Handler   board.o
    0x08001914   0x08001914   0x00000066   Code   RO           15    i.SystemClock_Config  main.o
    0x0800197a   0x0800197a   0x00000002   PAD
    0x0800197c   0x0800197c   0x000000a4   Code   RO         2759    i.SystemCoreClockUpdate  system_stm32f1xx.o
    0x08001a20   0x08001a20   0x00000002   Code   RO         2760    i.SystemInit        system_stm32f1xx.o
    0x08001a22   0x08001a22   0x00000002   PAD
    0x08001a24   0x08001a24   0x00000010   Code   RO          241    i.TIM1_UP_IRQHandler  stm32f1xx_it.o
    0x08001a34   0x08001a34   0x00000084   Code   RO          489    i.TIM_Base_SetConfig  stm32f1xx_hal_tim.o
    0x08001ab8   0x08001ab8   0x00000014   Code   RO         2429    i.UART_DMAAbortOnError  stm32f1xx_hal_uart.o
    0x08001acc   0x08001acc   0x0000006c   Code   RO         2439    i.UART_EndRxTransfer  stm32f1xx_hal_uart.o
    0x08001b38   0x08001b38   0x00000020   Code   RO         2440    i.UART_EndTransmit_IT  stm32f1xx_hal_uart.o
    0x08001b58   0x08001b58   0x000000fc   Code   RO         2442    i.UART_Receive_IT   stm32f1xx_hal_uart.o
    0x08001c54   0x08001c54   0x000000fc   Code   RO         2443    i.UART_SetConfig    stm32f1xx_hal_uart.o
    0x08001d50   0x08001d50   0x00000040   Code   RO         2445    i.UART_Start_Receive_IT  stm32f1xx_hal_uart.o
    0x08001d90   0x08001d90   0x00000060   Code   RO         2446    i.UART_Transmit_IT  stm32f1xx_hal_uart.o
    0x08001df0   0x08001df0   0x0000008c   Code   RO         2447    i.UART_WaitOnFlagUntilTimeout  stm32f1xx_hal_uart.o
    0x08001e7c   0x08001e7c   0x00000010   Code   RO         4056    i.USART1_IRQHandler  board.o
    0x08001e8c   0x08001e8c   0x00000004   Code   RO          242    i.UsageFault_Handler  stm32f1xx_it.o
    0x08001e90   0x08001e90   0x00000010   Code   RO         1873    i.__NVIC_GetPriorityGrouping  stm32f1xx_hal_cortex.o
    0x08001ea0   0x08001ea0   0x00000028   Code   RO         1874    i.__NVIC_SetPriority  stm32f1xx_hal_cortex.o
    0x08001ec8   0x08001ec8   0x0000004c   Code   RO         3201    i.__rt_ffs          kservice.o
    0x08001f14   0x08001f14   0x0000000a   Code   RO         3202    i._heap_lock        kservice.o
    0x08001f1e   0x08001f1e   0x0000000a   Code   RO         3203    i._heap_unlock      kservice.o
    0x08001f28   0x08001f28   0x00000028   Code   RO         3683    i._scheduler_get_highest_priority_thread  scheduler.o
    0x08001f50   0x08001f50   0x00000034   Code   RO         3774    i._thread_exit      thread.o
    0x08001f84   0x08001f84   0x00000098   Code   RO         3775    i._thread_init      thread.o
    0x0800201c   0x0800201c   0x0000002c   Code   RO         3776    i._thread_timeout   thread.o
    0x08002048   0x08002048   0x00000042   Code   RO         3914    i._timer_init       timer.o
    0x0800208a   0x0800208a   0x00000038   Code   RO         3915    i._timer_list_next_timeout  timer.o
    0x080020c2   0x080020c2   0x0000001c   Code   RO         3916    i._timer_remove     timer.o
    0x080020de   0x080020de   0x00000002   PAD
    0x080020e0   0x080020e0   0x00000048   Code   RO         3917    i._timer_thread_entry  timer.o
    0x08002128   0x08002128   0x00000008   Code   RO           16    i.main              main.o
    0x08002130   0x08002130   0x0000000e   Code   RO         2948    i.main_thread_entry  components.o
    0x0800213e   0x0800213e   0x00000066   Code   RO         3455    i.plug_holes        mem.o
    0x080021a4   0x080021a4   0x00000198   Code   RO         3205    i.print_number      kservice.o
    0x0800233c   0x0800233c   0x00000030   Code   RO         2949    i.rt_application_init  components.o
    0x0800236c   0x0800236c   0x0000001c   Code   RO         2950    i.rt_components_board_init  components.o
    0x08002388   0x08002388   0x0000001c   Code   RO         2951    i.rt_components_init  components.o
    0x080023a4   0x080023a4   0x0000003e   Code   RO         3021    i.rt_defunct_execute  idle.o
    0x080023e2   0x080023e2   0x00000002   PAD
    0x080023e4   0x080023e4   0x00000020   Code   RO         3685    i.rt_enter_critical  scheduler.o
    0x08002404   0x08002404   0x00000044   Code   RO         3686    i.rt_exit_critical  scheduler.o
    0x08002448   0x08002448   0x00000034   Code   RO         3207    i.rt_free           kservice.o
    0x0800247c   0x0800247c   0x00000008   Code   RO         4057    i.rt_heap_begin_get  board.o
    0x08002484   0x08002484   0x00000008   Code   RO         4058    i.rt_heap_end_get   board.o
    0x0800248c   0x0800248c   0x00000038   Code   RO         4059    i.rt_hw_board_init  board.o
    0x080024c4   0x080024c4   0x00000050   Code   RO         4060    i.rt_hw_console_output  board.o
    0x08002514   0x08002514   0x00000200   Code   RO         2867    i.rt_hw_hard_fault_exception  cpuport.o
    0x08002714   0x08002714   0x0000004c   Code   RO         2868    i.rt_hw_stack_init  cpuport.o
    0x08002760   0x08002760   0x00000034   Code   RO         3162    i.rt_interrupt_enter  irq.o
    0x08002794   0x08002794   0x00000034   Code   RO         3165    i.rt_interrupt_leave  irq.o
    0x080027c8   0x080027c8   0x00000034   Code   RO         3213    i.rt_kprintf        kservice.o
    0x080027fc   0x080027fc   0x00000006   Code   RO         3918    i.rt_list_init      timer.o
    0x08002802   0x08002802   0x0000000e   Code   RO         3571    i.rt_list_insert_after  object.o
    0x08002810   0x08002810   0x0000000e   Code   RO         3919    i.rt_list_insert_after  timer.o
    0x0800281e   0x0800281e   0x00000010   Code   RO         3920    i.rt_list_isempty   timer.o
    0x0800282e   0x0800282e   0x00000012   Code   RO         3572    i.rt_list_remove    object.o
    0x08002840   0x08002840   0x00000012   Code   RO         3777    i.rt_list_remove    thread.o
    0x08002852   0x08002852   0x00000012   Code   RO         3921    i.rt_list_remove    timer.o
    0x08002864   0x08002864   0x0000003c   Code   RO         3215    i.rt_malloc         kservice.o
    0x080028a0   0x080028a0   0x00000048   Code   RO         3222    i.rt_memset         kservice.o
    0x080028e8   0x080028e8   0x0000006c   Code   RO         3573    i.rt_object_allocate  object.o
    0x08002954   0x08002954   0x0000003c   Code   RO         3575    i.rt_object_delete  object.o
    0x08002990   0x08002990   0x00000034   Code   RO         3576    i.rt_object_detach  object.o
    0x080029c4   0x080029c4   0x00000028   Code   RO         3579    i.rt_object_get_information  object.o
    0x080029ec   0x080029ec   0x0000006c   Code   RO         3583    i.rt_object_init    object.o
    0x08002a58   0x08002a58   0x00000012   Code   RO         3584    i.rt_object_is_systemobject  object.o
    0x08002a6a   0x08002a6a   0x00000002   PAD
    0x08002a6c   0x08002a6c   0x0000014c   Code   RO         3687    i.rt_schedule       scheduler.o
    0x08002bb8   0x08002bb8   0x0000009c   Code   RO         3688    i.rt_schedule_insert_thread  scheduler.o
    0x08002c54   0x08002c54   0x00000054   Code   RO         3689    i.rt_schedule_remove_thread  scheduler.o
    0x08002ca8   0x08002ca8   0x000000c4   Code   RO         3225    i.rt_show_version   kservice.o
    0x08002d6c   0x08002d6c   0x00000114   Code   RO         3456    i.rt_smem_alloc     mem.o
    0x08002e80   0x08002e80   0x0000003a   Code   RO         3458    i.rt_smem_free      mem.o
    0x08002eba   0x08002eba   0x00000002   PAD
    0x08002ebc   0x08002ebc   0x000000f0   Code   RO         3459    i.rt_smem_init      mem.o
    0x08002fac   0x08002fac   0x000000e8   Code   RO         3922    i.rt_soft_timer_check  timer.o
    0x08003094   0x08003094   0x00000022   Code   RO         3227    i.rt_sprintf        kservice.o
    0x080030b6   0x080030b6   0x00000012   Code   RO         3233    i.rt_strlen         kservice.o
    0x080030c8   0x080030c8   0x00000034   Code   RO         3235    i.rt_strncpy        kservice.o
    0x080030fc   0x080030fc   0x00000034   Code   RO         3238    i.rt_system_heap_init  kservice.o
    0x08003130   0x08003130   0x00000034   Code   RO         3692    i.rt_system_scheduler_init  scheduler.o
    0x08003164   0x08003164   0x00000028   Code   RO         3693    i.rt_system_scheduler_start  scheduler.o
    0x0800318c   0x0800318c   0x0000001c   Code   RO         3923    i.rt_system_timer_init  timer.o
    0x080031a8   0x080031a8   0x00000054   Code   RO         3924    i.rt_system_timer_thread_init  timer.o
    0x080031fc   0x080031fc   0x00000050   Code   RO         3779    i.rt_thread_create  thread.o
    0x0800324c   0x0800324c   0x0000003c   Code   RO         3022    i.rt_thread_defunct_dequeue  idle.o
    0x08003288   0x08003288   0x0000001c   Code   RO         3023    i.rt_thread_defunct_enqueue  idle.o
    0x080032a4   0x080032a4   0x0000000c   Code   RO         3780    i.rt_thread_delay   thread.o
    0x080032b0   0x080032b0   0x00000024   Code   RO         3025    i.rt_thread_idle_entry  idle.o
    0x080032d4   0x080032d4   0x00000068   Code   RO         3027    i.rt_thread_idle_init  idle.o
    0x0800333c   0x0800333c   0x00000034   Code   RO         3785    i.rt_thread_init    thread.o
    0x08003370   0x08003370   0x00000054   Code   RO         3788    i.rt_thread_resume  thread.o
    0x080033c4   0x080033c4   0x0000000c   Code   RO         3790    i.rt_thread_self    thread.o
    0x080033d0   0x080033d0   0x00000044   Code   RO         3791    i.rt_thread_sleep   thread.o
    0x08003414   0x08003414   0x00000028   Code   RO         3792    i.rt_thread_startup  thread.o
    0x0800343c   0x0800343c   0x00000060   Code   RO         3793    i.rt_thread_suspend  thread.o
    0x0800349c   0x0800349c   0x0000000c   Code   RO         2904    i.rt_tick_get       clock.o
    0x080034a8   0x080034a8   0x00000064   Code   RO         2906    i.rt_tick_increase  clock.o
    0x0800350c   0x0800350c   0x000000d0   Code   RO         3925    i.rt_timer_check    timer.o
    0x080035dc   0x080035dc   0x00000068   Code   RO         3926    i.rt_timer_control  timer.o
    0x08003644   0x08003644   0x00000028   Code   RO         3929    i.rt_timer_detach   timer.o
    0x0800366c   0x0800366c   0x0000002e   Code   RO         3932    i.rt_timer_init     timer.o
    0x0800369a   0x0800369a   0x00000002   PAD
    0x0800369c   0x0800369c   0x00000150   Code   RO         3934    i.rt_timer_start    timer.o
    0x080037ec   0x080037ec   0x00000048   Code   RO         3935    i.rt_timer_stop     timer.o
    0x08003834   0x08003834   0x00000340   Code   RO         3239    i.rt_vsnprintf      kservice.o
    0x08003b74   0x08003b74   0x00000016   Code   RO         3240    i.rt_vsprintf       kservice.o
    0x08003b8a   0x08003b8a   0x00000004   Code   RO         2952    i.rti_board_end     components.o
    0x08003b8e   0x08003b8e   0x00000004   Code   RO         2953    i.rti_board_start   components.o
    0x08003b92   0x08003b92   0x00000004   Code   RO         2954    i.rti_end           components.o
    0x08003b96   0x08003b96   0x00000004   Code   RO         2955    i.rti_start         components.o
    0x08003b9a   0x08003b9a   0x0000002a   Code   RO         2956    i.rtthread_startup  components.o
    0x08003bc4   0x08003bc4   0x00000026   Code   RO         3241    i.skip_atoi         kservice.o
    0x08003bea   0x08003bea   0x00000002   PAD
    0x08003bec   0x08003bec   0x00000058   Code   RO         4061    i.uart_init         board.o
    0x08003c44   0x08003c44   0x00000012   Data   RO         1567    .constdata          stm32f1xx_hal_rcc.o
    0x08003c56   0x08003c56   0x00000018   Data   RO         2761    .constdata          system_stm32f1xx.o
    0x08003c6e   0x08003c6e   0x00000122   Data   RO         3243    .constdata          kservice.o
    0x08003d90   0x08003d90   0x00000058   Data   RO         3244    .conststring        kservice.o
    0x08003de8   0x08003de8   0x00000004   Data   RO         2957    .rti_fn.0           components.o
    0x08003dec   0x08003dec   0x00000004   Data   RO         2958    .rti_fn.0.end       components.o
    0x08003df0   0x08003df0   0x00000004   Data   RO         4063    .rti_fn.1           board.o
    0x08003df4   0x08003df4   0x00000004   Data   RO         2959    .rti_fn.1.end       components.o
    0x08003df8   0x08003df8   0x00000004   Data   RO         2960    .rti_fn.6.end       components.o
    0x08003dfc   0x08003dfc   0x00000020   Data   RO         4299    Region$$Table       anon$$obj.o


    Execution Region RW_IRAM1 (Exec base: 0x20000000, Load base: 0x08003e1c, Size: 0x000035d8, Max: 0x00005000, ABSOLUTE)

    Exec Addr    Load Addr    Size         Type   Attr      Idx    E Section Name        Object

    0x20000000   0x08003e1c   0x00000009   Data   RW         1403    .data               stm32f1xx_hal.o
    0x20000009   0x08003e25   0x00000003   PAD
    0x2000000c   0x08003e28   0x00000004   Data   RW         2762    .data               system_stm32f1xx.o
    0x20000010   0x08003e2c   0x00000010   Data   RW         2869    .data               cpuport.o
    0x20000020   0x08003e3c   0x00000008   Data   RW         2909    .data               clock.o
    0x20000028   0x08003e44   0x00000008   Data   RW         3030    .data               idle.o
    0x20000030   0x08003e4c   0x00000009   Data   RW         3167    .data               irq.o
    0x20000039   0x08003e55   0x00000003   PAD
    0x2000003c   0x08003e58   0x00000040   Data   RW         3245    .data               kservice.o
    0x2000007c   0x08003e98   0x00000064   Data   RW         3588    .data               object.o
    0x200000e0   0x08003efc   0x00000018   Data   RW         3695    .data               scheduler.o
    0x200000f8   0x08003f14   0x0000000c   Data   RW         3796    .data               thread.o
    0x20000104   0x08003f20   0x00000020   Data   RW         3937    .data               timer.o
    0x20000124        -       0x00000048   Zero   RW          322    .bss                stm32f1xx_hal_timebase_tim.o
    0x2000016c        -       0x00000188   Zero   RW         3029    .bss                idle.o
    0x200002f4        -       0x00000080   Zero   RW         3242    .bss                kservice.o
    0x20000374        -       0x00000100   Zero   RW         3694    .bss                scheduler.o
    0x20000474        -       0x00000278   Zero   RW         3936    .bss                timer.o
    0x200006ec        -       0x00002888   Zero   RW         4062    .bss                board.o
    0x20002f74        -       0x00000060   Zero   RW         4144    .bss                c_w.l(libspace.o)
    0x20002fd4   0x08003f40   0x00000004   PAD
    0x20002fd8        -       0x00000200   Zero   RW            2    HEAP                startup_stm32f103xb.o
    0x200031d8        -       0x00000400   Zero   RW            1    STACK               startup_stm32f103xb.o


==============================================================================

Image component sizes


      Code (inc. data)   RO Data    RW Data    ZI Data      Debug   Object Name

       356         64          4          0      10376       5745   board.o
       112         16          0          8          0       1789   clock.o
       186         30         16          0          0       6212   components.o
       252         28          0          0          0        836   context_rvds.o
       588        328          0         16          0       3434   cpuport.o
       290         36          0          8        392       6910   idle.o
       104         20          0          9          0       1970   irq.o
      1984        206        378         64        128      14179   kservice.o
       140          6          0          0          0     434132   main.o
       676         68          0          0          0       4730   mem.o
       418         24          0        100          0       9388   object.o
       804         90          0         24        256       9696   scheduler.o
        64         26        236          0       1536        784   startup_stm32f103xb.o
        76         20          0          9          0       4458   stm32f1xx_hal.o
       304         22          0          0          0      29219   stm32f1xx_hal_cortex.o
       262          4          0          0          0       1671   stm32f1xx_hal_dma.o
       800         34          0          0          0       1992   stm32f1xx_hal_gpio.o
        84          8          0          0          0        810   stm32f1xx_hal_msp.o
      1816        108         18          0          0       6329   stm32f1xx_hal_rcc.o
       728         26          0          0          0       5990   stm32f1xx_hal_tim.o
         4          0          0          0          0       1461   stm32f1xx_hal_tim_ex.o
       160         22          0          0         72       1319   stm32f1xx_hal_timebase_tim.o
      2132          8          0          0          0      11645   stm32f1xx_hal_uart.o
        34          6          0          0          0       2398   stm32f1xx_it.o
       166         22         24          4          0       1591   system_stm32f1xx.o
       710         32          0         12          0      12136   thread.o
      1426        102          0         32        632      15131   timer.o
       136         14          0          0          0        875   usart.o

    ----------------------------------------------------------------------
     14838       1370        708        292      13392     596830   Object Totals
         0          0         32          0          0          0   (incl. Generated)
        26          0          0          6          0          0   (incl. Padding)

    ----------------------------------------------------------------------

      Code (inc. data)   RO Data    RW Data    ZI Data      Debug   Library Member Name

         8          0          0          0          0         68   __main.o
         0          0          0          0          0          0   __rtentry.o
        12          0          0          0          0          0   __rtentry2.o
         6          0          0          0          0          0   __rtentry4.o
        52          8          0          0          0          0   __scatter.o
        26          0          0          0          0          0   __scatter_copy.o
        28          0          0          0          0          0   __scatter_zi.o
        18          0          0          0          0         80   exit.o
         6          0          0          0          0        152   heapauxi.o
         0          0          0          0          0          0   indicate_semi.o
         2          0          0          0          0          0   libinit.o
         2          0          0          0          0          0   libinit2.o
         2          0          0          0          0          0   libshutdown.o
         2          0          0          0          0          0   libshutdown2.o
         8          4          0          0         96         68   libspace.o
        78          0          0          0          0         80   rt_memclr_w.o
         2          0          0          0          0          0   rtexit.o
        10          0          0          0          0          0   rtexit2.o
        12          4          0          0          0         68   sys_exit.o
        74          0          0          0          0         80   sys_stackheap_outer.o
         2          0          0          0          0         68   use_no_semi.o

    ----------------------------------------------------------------------
       354         16          0          0        100        664   Library Totals
         4          0          0          0          4          0   (incl. Padding)

    ----------------------------------------------------------------------

      Code (inc. data)   RO Data    RW Data    ZI Data      Debug   Library Name

       350         16          0          0         96        664   c_w.l

    ----------------------------------------------------------------------
       354         16          0          0        100        664   Library Totals

    ----------------------------------------------------------------------

==============================================================================


      Code (inc. data)   RO Data    RW Data    ZI Data      Debug   

     15192       1386        708        292      13492     589482   Grand Totals
     15192       1386        708        292      13492     589482   ELF Image Totals
     15192       1386        708        292          0          0   ROM Totals

==============================================================================

    Total RO  Size (Code + RO Data)                15900 (  15.53kB)
    Total RW  Size (RW Data + ZI Data)             13784 (  13.46kB)
    Total ROM Size (Code + RO Data + RW Data)      16192 (  15.81kB)

==============================================================================

